<html>
<body>
<pre>
<h1>µVision Build Log</h1>
<h2>Tool Versions:</h2>
IDE-Version: ¦ÌVision V5.21.1.0
Copyright (C) 2016 ARM Ltd and ARM Germany GmbH. All rights reserved.
License Information: aa rqzw, aaa, LIC=6XJCX-HSL5G-8VE1H-W2L76-QQ66X-TQ0UG
 
Tool Versions:
Toolchain:       MDK-ARM Professional  Version: 5.21a
Toolchain Path:  C:\Keil_v5\ARM\ARMCC\Bin
C Compiler:      Armcc.exe V5.06 update 3 (build 300)
Assembler:       Armasm.exe V5.06 update 3 (build 300)
Linker/Locator:  ArmLink.exe V5.06 update 3 (build 300)
Library Manager: ArmAr.exe V5.06 update 3 (build 300)
Hex Converter:   FromElf.exe V5.06 update 3 (build 300)
CPU DLL:         SARMCM3.DLL V5.21a
Dialog DLL:      DARMSTM.DLL V1.66.0.1
Target DLL:      Segger\JL2CM3.dll V2.99.23.0
Dialog DLL:      TARMSTM.DLL V1.65.0.0
 
<h2>Project:</h2>
C:\Users\rqzw\Desktop\ÔÆÒ©Ç°¶ËV1.0\USER\ÔÆÒ©.uvprojx
Project File Date:  04/13/2018

<h2>Output:</h2>
*** Using Compiler 'V5.06 update 3 (build 300)', folder: 'C:\Keil_v5\ARM\ARMCC\Bin'
Rebuild target 'ÔÆÒ©'
compiling delay.c...
compiling stm32f10x_it.c...
compiling system_stm32f10x.c...
compiling timer.c...
compiling main.c...
compiling motor_Contral.c...
compiling lcd.c...
assembling startup_stm32f10x_hd.s...
compiling usart.c...
compiling misc.c...
compiling core_cm3.c...
compiling stm32f10x_fsmc.c...
compiling stm32f10x_gpio.c...
compiling sys.c...
compiling stm32f10x_rcc.c...
compiling stm32f10x_dma.c...
compiling stm32f10x_spi.c...
compiling stm32f10x_usart.c...
compiling stm32f10x_adc.c...
compiling stm32f10x_tim.c...
compiling stm32f10x_exti.c...
compiling usart3.c...
compiling rc522.c...
..\HARDWARE\RFID\rc522.c(365): warning:  #550-D: variable "status" was set but never used
      u8   status;
..\HARDWARE\RFID\rc522.c(672): warning:  #167-D: argument of type "char *" is incompatible with parameter of type "u8 *"
  	LCD_ShowString(30,30,200,16,16,num);
..\HARDWARE\RFID\rc522.c: 2 warnings, 0 errors
linking...
Program Size: Code=40144 RO-data=6932 RW-data=84 ZI-data=3060  
FromELF: creating hex file...
"..\OBJ\ÔÆÒ©.axf" - 0 Error(s), 2 Warning(s).

<h2>Collection of Component include folders:</h2>
  C:\Users\rqzw\Desktop\ÔÆÒ©Ç°¶ËV1.0\USER\RTE
  C:\Keil_v5\ARM\PACK\Keil\STM32F1xx_DFP\1.0.5\Device\Include

<h2>Collection of Component Files used:</h2>
Build Time Elapsed:  00:00:06
</pre>
</body>
</html>
