Component: ARM Compiler 5.06 update 3 (build 300) Tool: armlink [4d35c9]

==============================================================================

Section Cross References

    main.o(.text) refers to stm32f10x_gpio.o(.text) for GPIO_SetBits
    main.o(.text) refers to delay.o(.text) for delay_ms
    main.o(.text) refers to misc.o(.text) for NVIC_PriorityGroupConfig
    main.o(.text) refers to usart.o(.text) for uart_init
    main.o(.text) refers to usart3.o(.text) for usart3_init
    main.o(.text) refers to rc522.o(.text) for InitRc522
    main.o(.text) refers to motor_contral.o(.text) for ExitSetup
    main.o(.text) refers to timer.o(.text) for TIM3_Int_Init
    main.o(.text) refers to __2printf.o(.text) for __2printf
    main.o(.text) refers to motor_contral.o(.data) for getDrugsMsg_flag
    main.o(.text) refers to motor_contral.o(.bss) for PushDrugs
    main.o(.text) refers to main.o(.data) for nums
    main.o(.text) refers to usart.o(.data) for USART_RX_STA
    main.o(.text) refers to usart.o(.bss) for USART_RX_BUF
    main.o(.text) refers to main.o(.bss) for DrugsName
    main.o(.text) refers to rc522.o(.bss) for num
    system_stm32f10x.o(.text) refers to system_stm32f10x.o(.data) for SystemCoreClock
    timer.o(.text) refers to stm32f10x_rcc.o(.text) for RCC_APB1PeriphClockCmd
    timer.o(.text) refers to stm32f10x_tim.o(.text) for TIM_TimeBaseInit
    timer.o(.text) refers to misc.o(.text) for NVIC_Init
    timer.o(.text) refers to stm32f10x_gpio.o(.text) for GPIO_PinRemapConfig
    lcd.o(.text) refers to _printf_percent.o(.ARM.Collect$$_printf_percent$$00000000) for _printf_percent
    lcd.o(.text) refers to _printf_x.o(.ARM.Collect$$_printf_percent$$0000000C) for _printf_x
    lcd.o(.text) refers to _printf_hex_int_ll_ptr.o(.text) for _printf_longlong_hex
    lcd.o(.text) refers to delay.o(.text) for delay_us
    lcd.o(.text) refers to lcd.o(.bss) for lcddev
    lcd.o(.text) refers to lcd.o(.data) for POINT_COLOR
    lcd.o(.text) refers to dflt_clz.o(x$fpl$dfltu) for __aeabi_ui2d
    lcd.o(.text) refers to dmul.o(x$fpl$dmul) for __aeabi_dmul
    lcd.o(.text) refers to dfixu.o(x$fpl$dfixu) for __aeabi_d2uiz
    lcd.o(.text) refers to stm32f10x_rcc.o(.text) for RCC_AHBPeriphClockCmd
    lcd.o(.text) refers to stm32f10x_gpio.o(.text) for GPIO_Init
    lcd.o(.text) refers to stm32f10x_fsmc.o(.text) for FSMC_NORSRAMInit
    lcd.o(.text) refers to __2printf.o(.text) for __2printf
    lcd.o(.text) refers to lcd.o(.constdata) for asc2_1206
    motor_contral.o(.text) refers to stm32f10x_rcc.o(.text) for RCC_APB2PeriphClockCmd
    motor_contral.o(.text) refers to stm32f10x_gpio.o(.text) for GPIO_PinRemapConfig
    motor_contral.o(.text) refers to stm32f10x_exti.o(.text) for EXTI_Init
    motor_contral.o(.text) refers to misc.o(.text) for NVIC_Init
    motor_contral.o(.text) refers to delay.o(.text) for delay_ms
    motor_contral.o(.text) refers to motor_contral.o(.data) for drugsNum_flag
    delay.o(.text) refers to misc.o(.text) for SysTick_CLKSourceConfig
    delay.o(.text) refers to system_stm32f10x.o(.data) for SystemCoreClock
    delay.o(.text) refers to delay.o(.data) for fac_us
    usart.o(.text) refers (Special) to use_no_semi_2.o(.text) for __use_no_semihosting
    usart.o(.text) refers to stm32f10x_rcc.o(.text) for RCC_APB2PeriphClockCmd
    usart.o(.text) refers to stm32f10x_gpio.o(.text) for GPIO_Init
    usart.o(.text) refers to misc.o(.text) for NVIC_Init
    usart.o(.text) refers to stm32f10x_usart.o(.text) for USART_Init
    usart.o(.text) refers to usart.o(.data) for USART_RX_STA
    usart.o(.text) refers to usart.o(.bss) for USART_RX_BUF
    usart.o(.bss) refers (Special) to use_no_semi_2.o(.text) for __use_no_semihosting
    usart.o(.data) refers (Special) to use_no_semi_2.o(.text) for __use_no_semihosting
    startup_stm32f10x_hd.o(STACK) refers (Special) to heapauxi.o(.text) for __use_two_region_memory
    startup_stm32f10x_hd.o(HEAP) refers (Special) to heapauxi.o(.text) for __use_two_region_memory
    startup_stm32f10x_hd.o(RESET) refers (Special) to heapauxi.o(.text) for __use_two_region_memory
    startup_stm32f10x_hd.o(RESET) refers to startup_stm32f10x_hd.o(STACK) for __initial_sp
    startup_stm32f10x_hd.o(RESET) refers to startup_stm32f10x_hd.o(.text) for Reset_Handler
    startup_stm32f10x_hd.o(RESET) refers to stm32f10x_it.o(.text) for NMI_Handler
    startup_stm32f10x_hd.o(RESET) refers to motor_contral.o(.text) for EXTI1_IRQHandler
    startup_stm32f10x_hd.o(RESET) refers to timer.o(.text) for TIM3_IRQHandler
    startup_stm32f10x_hd.o(RESET) refers to usart.o(.text) for USART1_IRQHandler
    startup_stm32f10x_hd.o(RESET) refers to usart3.o(.text) for USART3_IRQHandler
    startup_stm32f10x_hd.o(.text) refers (Special) to heapauxi.o(.text) for __use_two_region_memory
    startup_stm32f10x_hd.o(.text) refers to system_stm32f10x.o(.text) for SystemInit
    startup_stm32f10x_hd.o(.text) refers to __main.o(!!!main) for __main
[...]
    locale$$code                             0x08009d2c   Section       44  lc_ctype_c.o(locale$$code)
    x$fpl$dfixu                              0x08009d58   Section       90  dfixu.o(x$fpl$dfixu)
    x$fpl$dfltu                              0x08009db2   Section       38  dflt_clz.o(x$fpl$dfltu)
    x$fpl$dmul                               0x08009dd8   Section      340  dmul.o(x$fpl$dmul)
    x$fpl$dnaninf                            0x08009f2c   Section      156  dnaninf.o(x$fpl$dnaninf)
    x$fpl$dretinf                            0x08009fc8   Section       12  dretinf.o(x$fpl$dretinf)
    x$fpl$printf1                            0x08009fd4   Section        4  printf1.o(x$fpl$printf1)
    .constdata                               0x08009fd8   Section     6080  lcd.o(.constdata)
    x$fpl$usenofp                            0x08009fd8   Section        0  usenofp.o(x$fpl$usenofp)
    .constdata                               0x0800b798   Section       40  _printf_hex_int_ll_ptr.o(.constdata)
    uc_hextab                                0x0800b798   Data          20  _printf_hex_int_ll_ptr.o(.constdata)
    lc_hextab                                0x0800b7ac   Data          20  _printf_hex_int_ll_ptr.o(.constdata)
    .constdata                               0x0800b7c0   Section       17  __printf_flags_ss_wp.o(.constdata)
    maptable                                 0x0800b7c0   Data          17  __printf_flags_ss_wp.o(.constdata)
    .constdata                               0x0800b7d4   Section        8  _printf_wctomb.o(.constdata)
    initial_mbstate                          0x0800b7d4   Data           8  _printf_wctomb.o(.constdata)
    .constdata                               0x0800b7dc   Section      148  bigflt0.o(.constdata)
    tenpwrs_x                                0x0800b7dc   Data          60  bigflt0.o(.constdata)
    tenpwrs_i                                0x0800b818   Data          64  bigflt0.o(.constdata)
    locale$$data                             0x0800b890   Section       28  lc_numeric_c.o(locale$$data)
    __lcnum_c_name                           0x0800b894   Data           2  lc_numeric_c.o(locale$$data)
    __lcnum_c_start                          0x0800b89c   Data           0  lc_numeric_c.o(locale$$data)
    __lcnum_c_point                          0x0800b8a8   Data           0  lc_numeric_c.o(locale$$data)
    __lcnum_c_thousands                      0x0800b8aa   Data           0  lc_numeric_c.o(locale$$data)
    __lcnum_c_grouping                       0x0800b8ab   Data           0  lc_numeric_c.o(locale$$data)
    locale$$data                             0x0800b8ac   Section      272  lc_ctype_c.o(locale$$data)
    __lcnum_c_end                            0x0800b8ac   Data           0  lc_numeric_c.o(locale$$data)
    __lcctype_c_name                         0x0800b8b0   Data           2  lc_ctype_c.o(locale$$data)
    __lcctype_c_start                        0x0800b8b8   Data           0  lc_ctype_c.o(locale$$data)
    __lcctype_c_end                          0x0800b9bc   Data           0  lc_ctype_c.o(locale$$data)
    .data                                    0x20000000   Section       10  main.o(.data)
    nums                                     0x20000008   Data           2  main.o(.data)
    .data                                    0x2000000c   Section       20  system_stm32f10x.o(.data)
    .data                                    0x20000020   Section        4  lcd.o(.data)
    .data                                    0x20000024   Section       14  motor_contral.o(.data)
    .data                                    0x20000032   Section        4  delay.o(.data)
    fac_us                                   0x20000032   Data           1  delay.o(.data)
    fac_ms                                   0x20000034   Data           2  delay.o(.data)
    .data                                    0x20000038   Section        6  usart.o(.data)
    .data                                    0x2000003e   Section       20  stm32f10x_rcc.o(.data)
    APBAHBPrescTable                         0x2000003e   Data          16  stm32f10x_rcc.o(.data)
    ADCPrescTable                            0x2000004e   Data           4  stm32f10x_rcc.o(.data)
    .data                                    0x20000052   Section       12  usart3.o(.data)
    .data                                    0x2000005e   Section       16  rc522.o(.data)
    .bss                                     0x20000070   Section       20  main.o(.bss)
    .bss                                     0x20000084   Section       14  lcd.o(.bss)
    .bss                                     0x20000092   Section       10  motor_contral.o(.bss)
    .bss                                     0x2000009c   Section      200  usart.o(.bss)
    .bss                                     0x20000164   Section     1200  usart3.o(.bss)
    .bss                                     0x20000614   Section        9  rc522.o(.bss)
    .bss                                     0x20000620   Section       96  libspace.o(.bss)
    HEAP                                     0x20000680   Section      512  startup_stm32f10x_hd.o(HEAP)
    Heap_Mem                                 0x20000680   Data         512  startup_stm32f10x_hd.o(HEAP)
    STACK                                    0x20000880   Section     1024  startup_stm32f10x_hd.o(STACK)
    Stack_Mem                                0x20000880   Data        1024  startup_stm32f10x_hd.o(STACK)
    __initial_sp                             0x20000c80   Data           0  startup_stm32f10x_hd.o(STACK)

    Global Symbols

    Symbol Name                              Value     Ov Type        Size  Object(Section)

    BuildAttributes$$THM_ISAv4$P$D$K$B$S$PE$A:L22UL41UL21$X:L11$S22US41US21$IEEE1$IW$USESV6$~STKCKD$USESV7$~SHL$OTIME$ROPI$IEEEJ$EBA8$UX$STANDARDLIB$REQ8$PRES8$EABIv2 0x00000000   Number         0  anon$$obj.o ABSOLUTE
    __ARM_use_no_argv                        0x00000000   Number         0  main.o ABSOLUTE
    _printf_flags                            0x00000000   Number         0  printf_stubs.o ABSOLUTE
    _printf_return_value                     0x00000000   Number         0  printf_stubs.o ABSOLUTE
    _printf_sizespec                         0x00000000   Number         0  printf_stubs.o ABSOLUTE
    _printf_widthprec                        0x00000000   Number         0  printf_stubs.o ABSOLUTE
    __ARM_exceptions_init                     - Undefined Weak Reference
    __alloca_initialize                       - Undefined Weak Reference
    __arm_preinit_                            - Undefined Weak Reference
    __cpp_initialize__aeabi_                  - Undefined Weak Reference
    __cxa_finalize                            - Undefined Weak Reference
    __sigvec_lookup                           - Undefined Weak Reference
    _atexit_init                              - Undefined Weak Reference
    _call_atexit_fns                          - Undefined Weak Reference
    _clock_init                               - Undefined Weak Reference
    _fp_trap_init                             - Undefined Weak Reference
    _fp_trap_shutdown                         - Undefined Weak Reference
    _get_lc_collate                           - Undefined Weak Reference
    _get_lc_monetary                          - Undefined Weak Reference
    _get_lc_time                              - Undefined Weak Reference
    _getenv_init                              - Undefined Weak Reference
    _handle_redirection                       - Undefined Weak Reference
    _init_alloc                               - Undefined Weak Reference
    _init_user_alloc                          - Undefined Weak Reference
    _initio                                   - Undefined Weak Reference
    _mutex_acquire                            - Undefined Weak Reference
    _mutex_release                            - Undefined Weak Reference
    _printf_fp_hex                            - Undefined Weak Reference
    _printf_mbtowc                            - Undefined Weak Reference
    _printf_wc                                - Undefined Weak Reference
    _rand_init                                - Undefined Weak Reference
    _signal_finish                            - Undefined Weak Reference
    _signal_init                              - Undefined Weak Reference
    _terminate_alloc                          - Undefined Weak Reference
    _terminate_user_alloc                     - Undefined Weak Reference
    _terminateio                              - Undefined Weak Reference
    __Vectors_Size                           0x00000130   Number         0  startup_stm32f10x_hd.o ABSOLUTE
    __Vectors                                0x08000000   Data           4  startup_stm32f10x_hd.o(RESET)
    __Vectors_End                            0x08000130   Data           0  startup_stm32f10x_hd.o(RESET)
    __main                                   0x08000131   Thumb Code     8  __main.o(!!!main)
    __scatterload                            0x08000139   Thumb Code     0  __scatter.o(!!!scatter)
    __scatterload_rt2                        0x08000139   Thumb Code    44  __scatter.o(!!!scatter)
    __scatterload_rt2_thumb_only             0x08000139   Thumb Code     0  __scatter.o(!!!scatter)
    __scatterload_null                       0x08000147   Thumb Code     0  __scatter.o(!!!scatter)
    __scatterload_copy                       0x0800016d   Thumb Code    26  __scatter_copy.o(!!handler_copy)
    __scatterload_zeroinit                   0x08000189   Thumb Code    28  __scatter_zi.o(!!handler_zi)
    _printf_n                                0x080001a5   Thumb Code     0  _printf_n.o(.ARM.Collect$$_printf_percent$$00000001)
    _printf_percent                          0x080001a5   Thumb Code     0  _printf_percent.o(.ARM.Collect$$_printf_percent$$00000000)
    _printf_p                                0x080001ab   Thumb Code     0  _printf_p.o(.ARM.Collect$$_printf_percent$$00000002)
    _printf_f                                0x080001b1   Thumb Code     0  _printf_f.o(.ARM.Collect$$_printf_percent$$00000003)
    _printf_e                                0x080001b7   Thumb Code     0  _printf_e.o(.ARM.Collect$$_printf_percent$$00000004)
    _printf_g                                0x080001bd   Thumb Code     0  _printf_g.o(.ARM.Collect$$_printf_percent$$00000005)
    _printf_a                                0x080001c3   Thumb Code     0  _printf_a.o(.ARM.Collect$$_printf_percent$$00000006)
    _printf_ll                               0x080001c9   Thumb Code     0  _printf_ll.o(.ARM.Collect$$_printf_percent$$00000007)
    _printf_i                                0x080001d3   Thumb Code     0  _printf_i.o(.ARM.Collect$$_printf_percent$$00000008)
    _printf_d                                0x080001d9   Thumb Code     0  _printf_d.o(.ARM.Collect$$_printf_percent$$00000009)
    _printf_u                                0x080001df   Thumb Code     0  _printf_u.o(.ARM.Collect$$_printf_percent$$0000000A)
    _printf_o                                0x080001e5   Thumb Code     0  _printf_o.o(.ARM.Collect$$_printf_percent$$0000000B)
    _printf_x                                0x080001eb   Thumb Code     0  _printf_x.o(.ARM.Collect$$_printf_percent$$0000000C)
    _printf_lli                              0x080001f1   Thumb Code     0  _printf_lli.o(.ARM.Collect$$_printf_percent$$0000000D)
    _printf_lld                              0x080001f7   Thumb Code     0  _printf_lld.o(.ARM.Collect$$_printf_percent$$0000000E)
    _printf_llu                              0x080001fd   Thumb Code     0  _printf_llu.o(.ARM.Collect$$_printf_percent$$0000000F)
    _printf_llo                              0x08000203   Thumb Code     0  _printf_llo.o(.ARM.Collect$$_printf_percent$$00000010)
    _printf_llx                              0x08000209   Thumb Code     0  _printf_llx.o(.ARM.Collect$$_printf_percent$$00000011)
    _printf_l                                0x0800020f   Thumb Code     0  _printf_l.o(.ARM.Collect$$_printf_percent$$00000012)
    _printf_c                                0x08000219   Thumb Code     0  _printf_c.o(.ARM.Collect$$_printf_percent$$00000013)
    _printf_s                                0x0800021f   Thumb Code     0  _printf_s.o(.ARM.Collect$$_printf_percent$$00000014)
    _printf_lc                               0x08000225   Thumb Code     0  _printf_lc.o(.ARM.Collect$$_printf_percent$$00000015)
    _printf_ls                               0x0800022b   Thumb Code     0  _printf_ls.o(.ARM.Collect$$_printf_percent$$00000016)
    _printf_percent_end                      0x08000231   Thumb Code     0  _printf_percent_end.o(.ARM.Collect$$_printf_percent$$00000017)
    __rt_lib_init                            0x08000235   Thumb Code     0  libinit.o(.ARM.Collect$$libinit$$00000000)
    __rt_lib_init_fp_1                       0x08000237   Thumb Code     0  libinit2.o(.ARM.Collect$$libinit$$00000002)
    __rt_lib_init_heap_1                     0x08000237   Thumb Code     0  libinit2.o(.ARM.Collect$$libinit$$0000000A)
    __rt_lib_init_lc_common                  0x08000237   Thumb Code     0  libinit2.o(.ARM.Collect$$libinit$$0000000F)
    __rt_lib_init_preinit_1                  0x08000237   Thumb Code     0  libinit2.o(.ARM.Collect$$libinit$$00000004)
    __rt_lib_init_rand_1                     0x08000237   Thumb Code     0  libinit2.o(.ARM.Collect$$libinit$$0000000E)
    __rt_lib_init_user_alloc_1               0x08000237   Thumb Code     0  libinit2.o(.ARM.Collect$$libinit$$0000000C)
    __rt_lib_init_lc_collate_1               0x0800023d   Thumb Code     0  libinit2.o(.ARM.Collect$$libinit$$00000011)
    __rt_lib_init_lc_ctype_2                 0x0800023d   Thumb Code     0  libinit2.o(.ARM.Collect$$libinit$$00000012)
    __rt_lib_init_lc_ctype_1                 0x08000249   Thumb Code     0  libinit2.o(.ARM.Collect$$libinit$$00000013)
    __rt_lib_init_lc_monetary_1              0x08000249   Thumb Code     0  libinit2.o(.ARM.Collect$$libinit$$00000015)
    __rt_lib_init_lc_numeric_2               0x08000249   Thumb Code     0  libinit2.o(.ARM.Collect$$libinit$$00000016)
    __rt_lib_init_alloca_1                   0x08000253   Thumb Code     0  libinit2.o(.ARM.Collect$$libinit$$0000002E)
    __rt_lib_init_argv_1                     0x08000253   Thumb Code     0  libinit2.o(.ARM.Collect$$libinit$$0000002C)
    __rt_lib_init_atexit_1                   0x08000253   Thumb Code     0  libinit2.o(.ARM.Collect$$libinit$$0000001B)
    __rt_lib_init_clock_1                    0x08000253   Thumb Code     0  libinit2.o(.ARM.Collect$$libinit$$00000021)
    __rt_lib_init_cpp_1                      0x08000253   Thumb Code     0  libinit2.o(.ARM.Collect$$libinit$$00000032)
    __rt_lib_init_exceptions_1               0x08000253   Thumb Code     0  libinit2.o(.ARM.Collect$$libinit$$00000030)
    __rt_lib_init_fp_trap_1                  0x08000253   Thumb Code     0  libinit2.o(.ARM.Collect$$libinit$$0000001F)
    __rt_lib_init_getenv_1                   0x08000253   Thumb Code     0  libinit2.o(.ARM.Collect$$libinit$$00000023)
    __rt_lib_init_lc_numeric_1               0x08000253   Thumb Code     0  libinit2.o(.ARM.Collect$$libinit$$00000017)
    __rt_lib_init_lc_time_1                  0x08000253   Thumb Code     0  libinit2.o(.ARM.Collect$$libinit$$00000019)
    __rt_lib_init_return                     0x08000253   Thumb Code     0  libinit2.o(.ARM.Collect$$libinit$$00000033)
    __rt_lib_init_signal_1                   0x08000253   Thumb Code     0  libinit2.o(.ARM.Collect$$libinit$$0000001D)
    __rt_lib_init_stdio_1                    0x08000253   Thumb Code     0  libinit2.o(.ARM.Collect$$libinit$$00000025)
    __rt_lib_shutdown                        0x08000255   Thumb Code     0  libshutdown.o(.ARM.Collect$$libshutdown$$00000000)
    __rt_lib_shutdown_cpp_1                  0x08000257   Thumb Code     0  libshutdown2.o(.ARM.Collect$$libshutdown$$00000002)
    __rt_lib_shutdown_fp_trap_1              0x08000257   Thumb Code     0  libshutdown2.o(.ARM.Collect$$libshutdown$$00000007)
    __rt_lib_shutdown_heap_1                 0x08000257   Thumb Code     0  libshutdown2.o(.ARM.Collect$$libshutdown$$0000000F)
    __rt_lib_shutdown_return                 0x08000257   Thumb Code     0  libshutdown2.o(.ARM.Collect$$libshutdown$$00000010)
    __rt_lib_shutdown_signal_1               0x08000257   Thumb Code     0  libshutdown2.o(.ARM.Collect$$libshutdown$$0000000A)
    __rt_lib_shutdown_stdio_1                0x08000257   Thumb Code     0  libshutdown2.o(.ARM.Collect$$libshutdown$$00000004)
    __rt_lib_shutdown_user_alloc_1           0x08000257   Thumb Code     0  libshutdown2.o(.ARM.Collect$$libshutdown$$0000000C)
    __rt_entry                               0x08000259   Thumb Code     0  __rtentry.o(.ARM.Collect$$rtentry$$00000000)
    __rt_entry_presh_1                       0x08000259   Thumb Code     0  __rtentry2.o(.ARM.Collect$$rtentry$$00000002)
    __rt_entry_sh                            0x08000259   Thumb Code     0  __rtentry4.o(.ARM.Collect$$rtentry$$00000004)
    __rt_entry_li                            0x0800025f   Thumb Code     0  __rtentry2.o(.ARM.Collect$$rtentry$$0000000A)
    __rt_entry_postsh_1                      0x0800025f   Thumb Code     0  __rtentry2.o(.ARM.Collect$$rtentry$$00000009)
    __rt_entry_main                          0x08000263   Thumb Code     0  __rtentry2.o(.ARM.Collect$$rtentry$$0000000D)
    __rt_entry_postli_1                      0x08000263   Thumb Code     0  __rtentry2.o(.ARM.Collect$$rtentry$$0000000C)
    __rt_exit                                0x0800026b   Thumb Code     0  rtexit.o(.ARM.Collect$$rtexit$$00000000)
    __rt_exit_ls                             0x0800026d   Thumb Code     0  rtexit2.o(.ARM.Collect$$rtexit$$00000003)
    __rt_exit_prels_1                        0x0800026d   Thumb Code     0  rtexit2.o(.ARM.Collect$$rtexit$$00000002)
    __rt_exit_exit                           0x08000271   Thumb Code     0  rtexit2.o(.ARM.Collect$$rtexit$$00000004)
    pushWhitchDrugs                          0x08000279   Thumb Code    60  main.o(.text)
    pushHowmuchDrugs                         0x080002b5   Thumb Code   100  main.o(.text)
    pushSelectDrugs                          0x08000319   Thumb Code    40  main.o(.text)
    selectDrugs                              0x08000341   Thumb Code   132  main.o(.text)
    main                                     0x080003c5   Thumb Code    72  main.o(.text)
    getIdCard                                0x0800040d   Thumb Code    14  main.o(.text)
    NMI_Handler                              0x0800045d   Thumb Code     2  stm32f10x_it.o(.text)
    HardFault_Handler                        0x0800045f   Thumb Code     4  stm32f10x_it.o(.text)
    MemManage_Handler                        0x08000463   Thumb Code     4  stm32f10x_it.o(.text)
    BusFault_Handler                         0x08000467   Thumb Code     4  stm32f10x_it.o(.text)
    UsageFault_Handler                       0x0800046b   Thumb Code     4  stm32f10x_it.o(.text)
    SVC_Handler                              0x0800046f   Thumb Code     2  stm32f10x_it.o(.text)
    DebugMon_Handler                         0x08000471   Thumb Code     2  stm32f10x_it.o(.text)
    PendSV_Handler                           0x08000473   Thumb Code     2  stm32f10x_it.o(.text)
    SysTick_Handler                          0x08000475   Thumb Code     2  stm32f10x_it.o(.text)
    SystemInit                               0x08000557   Thumb Code    78  system_stm32f10x.o(.text)
    SystemCoreClockUpdate                    0x080005a5   Thumb Code   142  system_stm32f10x.o(.text)
    TIM3_Int_Init                            0x08000659   Thumb Code    88  timer.o(.text)
    TIM3_IRQHandler                          0x080006b1   Thumb Code    22  timer.o(.text)
    TIM3_PWM_Init                            0x080006c7   Thumb Code   154  timer.o(.text)
    TIM7_Int_Init                            0x08000761   Thumb Code   104  timer.o(.text)
    LCD_WR_REG                               0x080007dd   Thumb Code     6  lcd.o(.text)
    LCD_WR_DATA                              0x080007e3   Thumb Code     8  lcd.o(.text)
    LCD_RD_DATA                              0x080007eb   Thumb Code    16  lcd.o(.text)
    LCD_WriteReg                             0x080007fb   Thumb Code    10  lcd.o(.text)
    LCD_ReadReg                              0x08000805   Thumb Code    22  lcd.o(.text)
    LCD_WriteRAM_Prepare                     0x0800081b   Thumb Code    10  lcd.o(.text)
    LCD_WriteRAM                             0x08000825   Thumb Code     8  lcd.o(.text)
    LCD_BGR2RGB                              0x0800082d   Thumb Code    26  lcd.o(.text)
    opt_delay                                0x08000847   Thumb Code    14  lcd.o(.text)
    LCD_SetCursor                            0x08000855   Thumb Code   418  lcd.o(.text)
    LCD_ReadPoint                            0x080009f7   Thumb Code   360  lcd.o(.text)
    LCD_DisplayOn                            0x08000b5f   Thumb Code   102  lcd.o(.text)
    LCD_DisplayOff                           0x08000bc5   Thumb Code    90  lcd.o(.text)
    LCD_Scan_Dir                             0x08000c1f   Thumb Code   744  lcd.o(.text)
    LCD_DrawPoint                            0x08000f07   Thumb Code    28  lcd.o(.text)
    LCD_Fast_DrawPoint                       0x08000f23   Thumb Code   384  lcd.o(.text)
    LCD_SSD_BackLightSet                     0x080010a3   Thumb Code    80  lcd.o(.text)
    LCD_Display_Dir                          0x080010f3   Thumb Code   444  lcd.o(.text)
    LCD_Set_Window                           0x080012af   Thumb Code   540  lcd.o(.text)
    LCD_Clear                                0x080014cb   Thumb Code   100  lcd.o(.text)
    LCD_Init                                 0x0800152f   Thumb Code 14190  lcd.o(.text)
    LCD_Fill                                 0x08004c9d   Thumb Code   178  lcd.o(.text)
    LCD_Color_Fill                           0x08004d4f   Thumb Code   106  lcd.o(.text)
    LCD_DrawLine                             0x08004db9   Thumb Code   176  lcd.o(.text)
    LCD_DrawRectangle                        0x08004e69   Thumb Code    60  lcd.o(.text)
    LCD_Draw_Circle                          0x08004ea5   Thumb Code   152  lcd.o(.text)
    LCD_ShowChar                             0x08004f3d   Thumb Code   272  lcd.o(.text)
    LCD_Pow                                  0x0800504d   Thumb Code    22  lcd.o(.text)
    LCD_ShowNum                              0x08005063   Thumb Code   148  lcd.o(.text)
    LCD_ShowxNum                             0x080050f7   Thumb Code   220  lcd.o(.text)
    LCD_ShowString                           0x080051d3   Thumb Code   102  lcd.o(.text)
    MotorInit                                0x08005239   Thumb Code   116  motor_contral.o(.text)
    ExtixInit                                0x080052ad   Thumb Code    52  motor_contral.o(.text)
    EXTI_SetupNVIC                           0x080052e1   Thumb Code    34  motor_contral.o(.text)
    ExitSetup                                0x08005303   Thumb Code    12  motor_contral.o(.text)
    EXTI1_IRQHandler                         0x0800530f   Thumb Code    62  motor_contral.o(.text)
    delay_init                               0x08005369   Thumb Code    50  delay.o(.text)
    delay_us                                 0x0800539b   Thumb Code    72  delay.o(.text)
    delay_ms                                 0x080053e3   Thumb Code    72  delay.o(.text)
    _sys_exit                                0x0800543d   Thumb Code     6  usart.o(.text)
    fputc                                    0x08005443   Thumb Code    24  usart.o(.text)
    uart_init                                0x0800545b   Thumb Code   152  usart.o(.text)
    uart_init2                               0x080054f3   Thumb Code   154  usart.o(.text)
    uart_init4                               0x0800558d   Thumb Code   160  usart.o(.text)
    uart_init5                               0x0800562d   Thumb Code   156  usart.o(.text)
    USART1_IRQHandler                        0x080056c9   Thumb Code   122  usart.o(.text)
    Reset_Handler                            0x08005769   Thumb Code     8  startup_stm32f10x_hd.o(.text)
    ADC1_2_IRQHandler                        0x08005783   Thumb Code     0  startup_stm32f10x_hd.o(.text)
    ADC3_IRQHandler                          0x08005783   Thumb Code     0  startup_stm32f10x_hd.o(.text)
    CAN1_RX1_IRQHandler                      0x08005783   Thumb Code     0  startup_stm32f10x_hd.o(.text)
    CAN1_SCE_IRQHandler                      0x08005783   Thumb Code     0  startup_stm32f10x_hd.o(.text)
    DMA1_Channel1_IRQHandler                 0x08005783   Thumb Code     0  startup_stm32f10x_hd.o(.text)
    DMA1_Channel2_IRQHandler                 0x08005783   Thumb Code     0  startup_stm32f10x_hd.o(.text)
    DMA1_Channel3_IRQHandler                 0x08005783   Thumb Code     0  startup_stm32f10x_hd.o(.text)
    DMA1_Channel4_IRQHandler                 0x08005783   Thumb Code     0  startup_stm32f10x_hd.o(.text)
    DMA1_Channel5_IRQHandler                 0x08005783   Thumb Code     0  startup_stm32f10x_hd.o(.text)
    DMA1_Channel6_IRQHandler                 0x08005783   Thumb Code     0  startup_stm32f10x_hd.o(.text)
    DMA1_Channel7_IRQHandler                 0x08005783   Thumb Code     0  startup_stm32f10x_hd.o(.text)
    DMA2_Channel1_IRQHandler                 0x08005783   Thumb Code     0  startup_stm32f10x_hd.o(.text)
    DMA2_Channel2_IRQHandler                 0x08005783   Thumb Code     0  startup_stm32f10x_hd.o(.text)
    DMA2_Channel3_IRQHandler                 0x08005783   Thumb Code     0  startup_stm32f10x_hd.o(.text)
    DMA2_Channel4_5_IRQHandler               0x08005783   Thumb Code     0  startup_stm32f10x_hd.o(.text)
    EXTI0_IRQHandler                         0x08005783   Thumb Code     0  startup_stm32f10x_hd.o(.text)
    EXTI15_10_IRQHandler                     0x08005783   Thumb Code     0  startup_stm32f10x_hd.o(.text)
    EXTI2_IRQHandler                         0x08005783   Thumb Code     0  startup_stm32f10x_hd.o(.text)
    EXTI3_IRQHandler                         0x08005783   Thumb Code     0  startup_stm32f10x_hd.o(.text)
    EXTI4_IRQHandler                         0x08005783   Thumb Code     0  startup_stm32f10x_hd.o(.text)
    EXTI9_5_IRQHandler                       0x08005783   Thumb Code     0  startup_stm32f10x_hd.o(.text)
    FLASH_IRQHandler                         0x08005783   Thumb Code     0  startup_stm32f10x_hd.o(.text)
    FSMC_IRQHandler                          0x08005783   Thumb Code     0  startup_stm32f10x_hd.o(.text)
    I2C1_ER_IRQHandler                       0x08005783   Thumb Code     0  startup_stm32f10x_hd.o(.text)
    I2C1_EV_IRQHandler                       0x08005783   Thumb Code     0  startup_stm32f10x_hd.o(.text)
    I2C2_ER_IRQHandler                       0x08005783   Thumb Code     0  startup_stm32f10x_hd.o(.text)
    I2C2_EV_IRQHandler                       0x08005783   Thumb Code     0  startup_stm32f10x_hd.o(.text)
    PVD_IRQHandler                           0x08005783   Thumb Code     0  startup_stm32f10x_hd.o(.text)
    RCC_IRQHandler                           0x08005783   Thumb Code     0  startup_stm32f10x_hd.o(.text)
    RTCAlarm_IRQHandler                      0x08005783   Thumb Code     0  startup_stm32f10x_hd.o(.text)
    RTC_IRQHandler                           0x08005783   Thumb Code     0  startup_stm32f10x_hd.o(.text)
    SDIO_IRQHandler                          0x08005783   Thumb Code     0  startup_stm32f10x_hd.o(.text)
    SPI1_IRQHandler                          0x08005783   Thumb Code     0  startup_stm32f10x_hd.o(.text)
    SPI2_IRQHandler                          0x08005783   Thumb Code     0  startup_stm32f10x_hd.o(.text)
    SPI3_IRQHandler                          0x08005783   Thumb Code     0  startup_stm32f10x_hd.o(.text)
    TAMPER_IRQHandler                        0x08005783   Thumb Code     0  startup_stm32f10x_hd.o(.text)
    TIM1_BRK_IRQHandler                      0x08005783   Thumb Code     0  startup_stm32f10x_hd.o(.text)
    TIM1_CC_IRQHandler                       0x08005783   Thumb Code     0  startup_stm32f10x_hd.o(.text)
    TIM1_TRG_COM_IRQHandler                  0x08005783   Thumb Code     0  startup_stm32f10x_hd.o(.text)
    TIM1_UP_IRQHandler                       0x08005783   Thumb Code     0  startup_stm32f10x_hd.o(.text)
    TIM2_IRQHandler                          0x08005783   Thumb Code     0  startup_stm32f10x_hd.o(.text)
    TIM4_IRQHandler                          0x08005783   Thumb Code     0  startup_stm32f10x_hd.o(.text)
    TIM5_IRQHandler                          0x08005783   Thumb Code     0  startup_stm32f10x_hd.o(.text)
    TIM6_IRQHandler                          0x08005783   Thumb Code     0  startup_stm32f10x_hd.o(.text)
    TIM7_IRQHandler                          0x08005783   Thumb Code     0  startup_stm32f10x_hd.o(.text)
    TIM8_BRK_IRQHandler                      0x08005783   Thumb Code     0  startup_stm32f10x_hd.o(.text)
    TIM8_CC_IRQHandler                       0x08005783   Thumb Code     0  startup_stm32f10x_hd.o(.text)
    TIM8_TRG_COM_IRQHandler                  0x08005783   Thumb Code     0  startup_stm32f10x_hd.o(.text)
    TIM8_UP_IRQHandler                       0x08005783   Thumb Code     0  startup_stm32f10x_hd.o(.text)
    UART4_IRQHandler                         0x08005783   Thumb Code     0  startup_stm32f10x_hd.o(.text)
    UART5_IRQHandler                         0x08005783   Thumb Code     0  startup_stm32f10x_hd.o(.text)
    USART2_IRQHandler                        0x08005783   Thumb Code     0  startup_stm32f10x_hd.o(.text)
    USBWakeUp_IRQHandler                     0x08005783   Thumb Code     0  startup_stm32f10x_hd.o(.text)
    USB_HP_CAN1_TX_IRQHandler                0x08005783   Thumb Code     0  startup_stm32f10x_hd.o(.text)
    USB_LP_CAN1_RX0_IRQHandler               0x08005783   Thumb Code     0  startup_stm32f10x_hd.o(.text)
    WWDG_IRQHandler                          0x08005783   Thumb Code     0  startup_stm32f10x_hd.o(.text)
    __user_initial_stackheap                 0x08005785   Thumb Code     0  startup_stm32f10x_hd.o(.text)
    NVIC_PriorityGroupConfig                 0x080057a9   Thumb Code    10  misc.o(.text)
    NVIC_Init                                0x080057b3   Thumb Code   100  misc.o(.text)
    NVIC_SetVectorTable                      0x08005817   Thumb Code    14  misc.o(.text)
    NVIC_SystemLPConfig                      0x08005825   Thumb Code    34  misc.o(.text)
    SysTick_CLKSourceConfig                  0x08005847   Thumb Code    40  misc.o(.text)
    FSMC_NORSRAMDeInit                       0x08005885   Thumb Code    54  stm32f10x_fsmc.o(.text)
    FSMC_NANDDeInit                          0x080058bb   Thumb Code    62  stm32f10x_fsmc.o(.text)
    FSMC_PCCARDDeInit                        0x080058f9   Thumb Code    36  stm32f10x_fsmc.o(.text)
    FSMC_NORSRAMInit                         0x0800591d   Thumb Code   230  stm32f10x_fsmc.o(.text)
    FSMC_NANDInit                            0x08005a03   Thumb Code   132  stm32f10x_fsmc.o(.text)
    FSMC_PCCARDInit                          0x08005a87   Thumb Code   130  stm32f10x_fsmc.o(.text)
    FSMC_NORSRAMStructInit                   0x08005b09   Thumb Code   114  stm32f10x_fsmc.o(.text)
    FSMC_NANDStructInit                      0x08005b7b   Thumb Code    54  stm32f10x_fsmc.o(.text)
    FSMC_PCCARDStructInit                    0x08005bb1   Thumb Code    60  stm32f10x_fsmc.o(.text)
    FSMC_NORSRAMCmd                          0x08005bed   Thumb Code    46  stm32f10x_fsmc.o(.text)
    FSMC_NANDCmd                             0x08005c1b   Thumb Code    86  stm32f10x_fsmc.o(.text)
    FSMC_PCCARDCmd                           0x08005c71   Thumb Code    44  stm32f10x_fsmc.o(.text)
    FSMC_NANDECCCmd                          0x08005c9d   Thumb Code    90  stm32f10x_fsmc.o(.text)
    FSMC_GetECC                              0x08005cf7   Thumb Code    24  stm32f10x_fsmc.o(.text)
    FSMC_ITConfig                            0x08005d0f   Thumb Code   128  stm32f10x_fsmc.o(.text)
    FSMC_GetFlagStatus                       0x08005d8f   Thumb Code    54  stm32f10x_fsmc.o(.text)
    FSMC_ClearFlag                           0x08005dc5   Thumb Code    62  stm32f10x_fsmc.o(.text)
    FSMC_GetITStatus                         0x08005e03   Thumb Code    64  stm32f10x_fsmc.o(.text)
    FSMC_ClearITPendingBit                   0x08005e43   Thumb Code    68  stm32f10x_fsmc.o(.text)
    GPIO_DeInit                              0x08005e91   Thumb Code   172  stm32f10x_gpio.o(.text)
    GPIO_AFIODeInit                          0x08005f3d   Thumb Code    20  stm32f10x_gpio.o(.text)
    GPIO_Init                                0x08005f51   Thumb Code   278  stm32f10x_gpio.o(.text)
    GPIO_StructInit                          0x08006067   Thumb Code    16  stm32f10x_gpio.o(.text)
    GPIO_ReadInputDataBit                    0x08006077   Thumb Code    18  stm32f10x_gpio.o(.text)
    GPIO_ReadInputData                       0x08006089   Thumb Code     8  stm32f10x_gpio.o(.text)
    GPIO_ReadOutputDataBit                   0x08006091   Thumb Code    18  stm32f10x_gpio.o(.text)
    GPIO_ReadOutputData                      0x080060a3   Thumb Code     8  stm32f10x_gpio.o(.text)
    GPIO_SetBits                             0x080060ab   Thumb Code     4  stm32f10x_gpio.o(.text)
    GPIO_ResetBits                           0x080060af   Thumb Code     4  stm32f10x_gpio.o(.text)
    GPIO_WriteBit                            0x080060b3   Thumb Code    10  stm32f10x_gpio.o(.text)
    GPIO_Write                               0x080060bd   Thumb Code     4  stm32f10x_gpio.o(.text)
    GPIO_PinLockConfig                       0x080060c1   Thumb Code    18  stm32f10x_gpio.o(.text)
    GPIO_EventOutputConfig                   0x080060d3   Thumb Code    26  stm32f10x_gpio.o(.text)
    GPIO_EventOutputCmd                      0x080060ed   Thumb Code     6  stm32f10x_gpio.o(.text)
    GPIO_PinRemapConfig                      0x080060f3   Thumb Code   138  stm32f10x_gpio.o(.text)
    GPIO_EXTILineConfig                      0x0800617d   Thumb Code    66  stm32f10x_gpio.o(.text)
    GPIO_ETH_MediaInterfaceConfig            0x080061bf   Thumb Code     8  stm32f10x_gpio.o(.text)
    RCC_DeInit                               0x080061ed   Thumb Code    64  stm32f10x_rcc.o(.text)
    RCC_HSEConfig                            0x0800622d   Thumb Code    70  stm32f10x_rcc.o(.text)
    RCC_GetFlagStatus                        0x08006273   Thumb Code    56  stm32f10x_rcc.o(.text)
    RCC_WaitForHSEStartUp                    0x080062ab   Thumb Code    56  stm32f10x_rcc.o(.text)
    RCC_AdjustHSICalibrationValue            0x080062e3   Thumb Code    20  stm32f10x_rcc.o(.text)
    RCC_HSICmd                               0x080062f7   Thumb Code     6  stm32f10x_rcc.o(.text)
    RCC_PLLConfig                            0x080062fd   Thumb Code    24  stm32f10x_rcc.o(.text)
    RCC_PLLCmd                               0x08006315   Thumb Code     6  stm32f10x_rcc.o(.text)
    RCC_SYSCLKConfig                         0x0800631b   Thumb Code    18  stm32f10x_rcc.o(.text)
    RCC_GetSYSCLKSource                      0x0800632d   Thumb Code    10  stm32f10x_rcc.o(.text)
    RCC_HCLKConfig                           0x08006337   Thumb Code    18  stm32f10x_rcc.o(.text)
    RCC_PCLK1Config                          0x08006349   Thumb Code    18  stm32f10x_rcc.o(.text)
    RCC_PCLK2Config                          0x0800635b   Thumb Code    20  stm32f10x_rcc.o(.text)
    RCC_ITConfig                             0x0800636f   Thumb Code    26  stm32f10x_rcc.o(.text)
    RCC_USBCLKConfig                         0x08006389   Thumb Code     8  stm32f10x_rcc.o(.text)
    RCC_ADCCLKConfig                         0x08006391   Thumb Code    18  stm32f10x_rcc.o(.text)
    RCC_LSEConfig                            0x080063a3   Thumb Code    50  stm32f10x_rcc.o(.text)
    RCC_LSICmd                               0x080063d5   Thumb Code     6  stm32f10x_rcc.o(.text)
    RCC_RTCCLKConfig                         0x080063db   Thumb Code    12  stm32f10x_rcc.o(.text)
    RCC_RTCCLKCmd                            0x080063e7   Thumb Code     8  stm32f10x_rcc.o(.text)
    RCC_GetClocksFreq                        0x080063ef   Thumb Code   192  stm32f10x_rcc.o(.text)
    RCC_AHBPeriphClockCmd                    0x080064af   Thumb Code    26  stm32f10x_rcc.o(.text)
    RCC_APB2PeriphClockCmd                   0x080064c9   Thumb Code    26  stm32f10x_rcc.o(.text)
    RCC_APB1PeriphClockCmd                   0x080064e3   Thumb Code    26  stm32f10x_rcc.o(.text)
    RCC_APB2PeriphResetCmd                   0x080064fd   Thumb Code    26  stm32f10x_rcc.o(.text)
    RCC_APB1PeriphResetCmd                   0x08006517   Thumb Code    26  stm32f10x_rcc.o(.text)
    RCC_BackupResetCmd                       0x08006531   Thumb Code     8  stm32f10x_rcc.o(.text)
    RCC_ClockSecuritySystemCmd               0x08006539   Thumb Code     6  stm32f10x_rcc.o(.text)
    RCC_MCOConfig                            0x0800653f   Thumb Code     6  stm32f10x_rcc.o(.text)
    RCC_ClearFlag                            0x08006545   Thumb Code    14  stm32f10x_rcc.o(.text)
    RCC_GetITStatus                          0x08006553   Thumb Code    20  stm32f10x_rcc.o(.text)
    RCC_ClearITPendingBit                    0x08006567   Thumb Code     6  stm32f10x_rcc.o(.text)
    USART_DeInit                             0x08006591   Thumb Code   134  stm32f10x_usart.o(.text)
    USART_Init                               0x08006617   Thumb Code   210  stm32f10x_usart.o(.text)
    USART_StructInit                         0x080066e9   Thumb Code    24  stm32f10x_usart.o(.text)
    USART_ClockInit                          0x08006701   Thumb Code    34  stm32f10x_usart.o(.text)
    USART_ClockStructInit                    0x08006723   Thumb Code    12  stm32f10x_usart.o(.text)
    USART_Cmd                                0x0800672f   Thumb Code    24  stm32f10x_usart.o(.text)
    USART_ITConfig                           0x08006747   Thumb Code    74  stm32f10x_usart.o(.text)
    USART_DMACmd                             0x08006791   Thumb Code    18  stm32f10x_usart.o(.text)
    USART_SetAddress                         0x080067a3   Thumb Code    18  stm32f10x_usart.o(.text)
    USART_WakeUpConfig                       0x080067b5   Thumb Code    18  stm32f10x_usart.o(.text)
    USART_ReceiverWakeUpCmd                  0x080067c7   Thumb Code    24  stm32f10x_usart.o(.text)
    USART_LINBreakDetectLengthConfig         0x080067df   Thumb Code    18  stm32f10x_usart.o(.text)
    USART_LINCmd                             0x080067f1   Thumb Code    24  stm32f10x_usart.o(.text)
    USART_SendData                           0x08006809   Thumb Code     8  stm32f10x_usart.o(.text)
    USART_ReceiveData                        0x08006811   Thumb Code    10  stm32f10x_usart.o(.text)
    USART_SendBreak                          0x0800681b   Thumb Code    10  stm32f10x_usart.o(.text)
    USART_SetGuardTime                       0x08006825   Thumb Code    16  stm32f10x_usart.o(.text)
    USART_SetPrescaler                       0x08006835   Thumb Code    16  stm32f10x_usart.o(.text)
    USART_SmartCardCmd                       0x08006845   Thumb Code    24  stm32f10x_usart.o(.text)
    USART_SmartCardNACKCmd                   0x0800685d   Thumb Code    24  stm32f10x_usart.o(.text)
    USART_HalfDuplexCmd                      0x08006875   Thumb Code    24  stm32f10x_usart.o(.text)
    USART_OverSampling8Cmd                   0x0800688d   Thumb Code    22  stm32f10x_usart.o(.text)
    USART_OneBitMethodCmd                    0x080068a3   Thumb Code    24  stm32f10x_usart.o(.text)
    USART_IrDAConfig                         0x080068bb   Thumb Code    18  stm32f10x_usart.o(.text)
    USART_IrDACmd                            0x080068cd   Thumb Code    24  stm32f10x_usart.o(.text)
    USART_GetFlagStatus                      0x080068e5   Thumb Code    26  stm32f10x_usart.o(.text)
    USART_ClearFlag                          0x080068ff   Thumb Code    18  stm32f10x_usart.o(.text)
    USART_GetITStatus                        0x08006911   Thumb Code    84  stm32f10x_usart.o(.text)
    USART_ClearITPendingBit                  0x08006965   Thumb Code    52  stm32f10x_usart.o(.text)
    TIM_DeInit                               0x08006999   Thumb Code   424  stm32f10x_tim.o(.text)
    TIM_TimeBaseInit                         0x08006b41   Thumb Code   122  stm32f10x_tim.o(.text)
    TIM_OC1Init                              0x08006bbb   Thumb Code   132  stm32f10x_tim.o(.text)
    TIM_OC2Init                              0x08006c3f   Thumb Code   154  stm32f10x_tim.o(.text)
    TIM_OC3Init                              0x08006cd9   Thumb Code   150  stm32f10x_tim.o(.text)
    TIM_OC4Init                              0x08006d6f   Thumb Code   182  stm32f10x_tim.o(.text)
    TIM_SetIC4Prescaler                      0x08006e25   Thumb Code    26  stm32f10x_tim.o(.text)
    TIM_SetIC3Prescaler                      0x08006ec1   Thumb Code    18  stm32f10x_tim.o(.text)
    TIM_SetIC2Prescaler                      0x08006f4d   Thumb Code    26  stm32f10x_tim.o(.text)
    TIM_SetIC1Prescaler                      0x08006fe9   Thumb Code    18  stm32f10x_tim.o(.text)
    TIM_ICInit                               0x08007067   Thumb Code   150  stm32f10x_tim.o(.text)
    TIM_PWMIConfig                           0x080070fd   Thumb Code   124  stm32f10x_tim.o(.text)
    TIM_BDTRConfig                           0x08007179   Thumb Code    32  stm32f10x_tim.o(.text)
    TIM_TimeBaseStructInit                   0x08007199   Thumb Code    18  stm32f10x_tim.o(.text)
    TIM_OCStructInit                         0x080071ab   Thumb Code    20  stm32f10x_tim.o(.text)
    TIM_ICStructInit                         0x080071bf   Thumb Code    18  stm32f10x_tim.o(.text)
    TIM_BDTRStructInit                       0x080071d1   Thumb Code    40  stm32f10x_tim.o(.text)
    TIM_Cmd                                  0x080071f9   Thumb Code    24  stm32f10x_tim.o(.text)
    TIM_CtrlPWMOutputs                       0x08007211   Thumb Code    30  stm32f10x_tim.o(.text)
    TIM_ITConfig                             0x0800722f   Thumb Code    18  stm32f10x_tim.o(.text)
    TIM_GenerateEvent                        0x08007241   Thumb Code     4  stm32f10x_tim.o(.text)
    TIM_DMAConfig                            0x08007245   Thumb Code    10  stm32f10x_tim.o(.text)
    TIM_DMACmd                               0x0800724f   Thumb Code    18  stm32f10x_tim.o(.text)
    TIM_InternalClockConfig                  0x08007261   Thumb Code    12  stm32f10x_tim.o(.text)
    TIM_SelectInputTrigger                   0x0800726d   Thumb Code    18  stm32f10x_tim.o(.text)
    TIM_ITRxExternalClockConfig              0x0800727f   Thumb Code    24  stm32f10x_tim.o(.text)
    TIM_TIxExternalClockConfig               0x08007297   Thumb Code    62  stm32f10x_tim.o(.text)
    TIM_ETRConfig                            0x080072d5   Thumb Code    28  stm32f10x_tim.o(.text)
    TIM_ETRClockMode1Config                  0x080072f1   Thumb Code    54  stm32f10x_tim.o(.text)
    TIM_ETRClockMode2Config                  0x08007327   Thumb Code    32  stm32f10x_tim.o(.text)
    TIM_PrescalerConfig                      0x08007347   Thumb Code     6  stm32f10x_tim.o(.text)
    TIM_CounterModeConfig                    0x0800734d   Thumb Code    18  stm32f10x_tim.o(.text)
    TIM_EncoderInterfaceConfig               0x0800735f   Thumb Code    66  stm32f10x_tim.o(.text)
    TIM_ForcedOC1Config                      0x080073a1   Thumb Code    18  stm32f10x_tim.o(.text)
    TIM_ForcedOC2Config                      0x080073b3   Thumb Code    26  stm32f10x_tim.o(.text)
    TIM_ForcedOC3Config                      0x080073cd   Thumb Code    18  stm32f10x_tim.o(.text)
    TIM_ForcedOC4Config                      0x080073df   Thumb Code    26  stm32f10x_tim.o(.text)
    TIM_ARRPreloadConfig                     0x080073f9   Thumb Code    24  stm32f10x_tim.o(.text)
    TIM_SelectCOM                            0x08007411   Thumb Code    24  stm32f10x_tim.o(.text)
    TIM_SelectCCDMA                          0x08007429   Thumb Code    24  stm32f10x_tim.o(.text)
    TIM_CCPreloadControl                     0x08007441   Thumb Code    24  stm32f10x_tim.o(.text)
    TIM_OC1PreloadConfig                     0x08007459   Thumb Code    18  stm32f10x_tim.o(.text)
    TIM_OC2PreloadConfig                     0x0800746b   Thumb Code    26  stm32f10x_tim.o(.text)
    TIM_OC3PreloadConfig                     0x08007485   Thumb Code    18  stm32f10x_tim.o(.text)
    TIM_OC4PreloadConfig                     0x08007497   Thumb Code    26  stm32f10x_tim.o(.text)
    TIM_OC1FastConfig                        0x080074b1   Thumb Code    18  stm32f10x_tim.o(.text)
    TIM_OC2FastConfig                        0x080074c3   Thumb Code    26  stm32f10x_tim.o(.text)
    TIM_OC3FastConfig                        0x080074dd   Thumb Code    18  stm32f10x_tim.o(.text)
    TIM_OC4FastConfig                        0x080074ef   Thumb Code    26  stm32f10x_tim.o(.text)
    TIM_ClearOC1Ref                          0x08007509   Thumb Code    18  stm32f10x_tim.o(.text)
    TIM_ClearOC2Ref                          0x0800751b   Thumb Code    24  stm32f10x_tim.o(.text)
    TIM_ClearOC3Ref                          0x08007533   Thumb Code    18  stm32f10x_tim.o(.text)
    TIM_ClearOC4Ref                          0x08007545   Thumb Code    24  stm32f10x_tim.o(.text)
    TIM_OC1PolarityConfig                    0x0800755d   Thumb Code    18  stm32f10x_tim.o(.text)
    TIM_OC1NPolarityConfig                   0x0800756f   Thumb Code    18  stm32f10x_tim.o(.text)
    TIM_OC2PolarityConfig                    0x08007581   Thumb Code    26  stm32f10x_tim.o(.text)
    TIM_OC2NPolarityConfig                   0x0800759b   Thumb Code    26  stm32f10x_tim.o(.text)
    TIM_OC3PolarityConfig                    0x080075b5   Thumb Code    26  stm32f10x_tim.o(.text)
    TIM_OC3NPolarityConfig                   0x080075cf   Thumb Code    26  stm32f10x_tim.o(.text)
    TIM_OC4PolarityConfig                    0x080075e9   Thumb Code    26  stm32f10x_tim.o(.text)
    TIM_CCxCmd                               0x08007603   Thumb Code    30  stm32f10x_tim.o(.text)
    TIM_CCxNCmd                              0x08007621   Thumb Code    30  stm32f10x_tim.o(.text)
    TIM_SelectOCxM                           0x0800763f   Thumb Code    82  stm32f10x_tim.o(.text)
    TIM_UpdateDisableConfig                  0x08007691   Thumb Code    24  stm32f10x_tim.o(.text)
    TIM_UpdateRequestConfig                  0x080076a9   Thumb Code    24  stm32f10x_tim.o(.text)
    TIM_SelectHallSensor                     0x080076c1   Thumb Code    24  stm32f10x_tim.o(.text)
    TIM_SelectOnePulseMode                   0x080076d9   Thumb Code    18  stm32f10x_tim.o(.text)
    TIM_SelectOutputTrigger                  0x080076eb   Thumb Code    18  stm32f10x_tim.o(.text)
    TIM_SelectSlaveMode                      0x080076fd   Thumb Code    18  stm32f10x_tim.o(.text)
    TIM_SelectMasterSlaveMode                0x0800770f   Thumb Code    18  stm32f10x_tim.o(.text)
    TIM_SetCounter                           0x08007721   Thumb Code     4  stm32f10x_tim.o(.text)
    TIM_SetAutoreload                        0x08007725   Thumb Code     4  stm32f10x_tim.o(.text)
    TIM_SetCompare1                          0x08007729   Thumb Code     4  stm32f10x_tim.o(.text)
    TIM_SetCompare2                          0x0800772d   Thumb Code     4  stm32f10x_tim.o(.text)
    TIM_SetCompare3                          0x08007731   Thumb Code     4  stm32f10x_tim.o(.text)
    TIM_SetCompare4                          0x08007735   Thumb Code     6  stm32f10x_tim.o(.text)
    TIM_SetClockDivision                     0x0800773b   Thumb Code    18  stm32f10x_tim.o(.text)
    TIM_GetCapture1                          0x0800774d   Thumb Code     6  stm32f10x_tim.o(.text)
    TIM_GetCapture2                          0x08007753   Thumb Code     6  stm32f10x_tim.o(.text)
    TIM_GetCapture3                          0x08007759   Thumb Code     6  stm32f10x_tim.o(.text)
    TIM_GetCapture4                          0x0800775f   Thumb Code     8  stm32f10x_tim.o(.text)
    TIM_GetCounter                           0x08007767   Thumb Code     6  stm32f10x_tim.o(.text)
    TIM_GetPrescaler                         0x0800776d   Thumb Code     6  stm32f10x_tim.o(.text)
    TIM_GetFlagStatus                        0x08007773   Thumb Code    18  stm32f10x_tim.o(.text)
    TIM_ClearFlag                            0x08007785   Thumb Code     6  stm32f10x_tim.o(.text)
    TIM_GetITStatus                          0x0800778b   Thumb Code    34  stm32f10x_tim.o(.text)
    TIM_ClearITPendingBit                    0x080077ad   Thumb Code     6  stm32f10x_tim.o(.text)
    SPI_I2S_DeInit                           0x080077b5   Thumb Code    76  stm32f10x_spi.o(.text)
    SPI_Init                                 0x08007801   Thumb Code    60  stm32f10x_spi.o(.text)
    I2S_Init                                 0x0800783d   Thumb Code   226  stm32f10x_spi.o(.text)
    SPI_StructInit                           0x0800791f   Thumb Code    24  stm32f10x_spi.o(.text)
    I2S_StructInit                           0x08007937   Thumb Code    20  stm32f10x_spi.o(.text)
    SPI_Cmd                                  0x0800794b   Thumb Code    24  stm32f10x_spi.o(.text)
    I2S_Cmd                                  0x08007963   Thumb Code    24  stm32f10x_spi.o(.text)
    SPI_I2S_ITConfig                         0x0800797b   Thumb Code    32  stm32f10x_spi.o(.text)
    SPI_I2S_DMACmd                           0x0800799b   Thumb Code    18  stm32f10x_spi.o(.text)
    SPI_I2S_SendData                         0x080079ad   Thumb Code     4  stm32f10x_spi.o(.text)
    SPI_I2S_ReceiveData                      0x080079b1   Thumb Code     6  stm32f10x_spi.o(.text)
    SPI_NSSInternalSoftwareConfig            0x080079b7   Thumb Code    30  stm32f10x_spi.o(.text)
    SPI_SSOutputCmd                          0x080079d5   Thumb Code    24  stm32f10x_spi.o(.text)
    SPI_DataSizeConfig                       0x080079ed   Thumb Code    18  stm32f10x_spi.o(.text)
    SPI_TransmitCRC                          0x080079ff   Thumb Code    10  stm32f10x_spi.o(.text)
    SPI_CalculateCRC                         0x08007a09   Thumb Code    24  stm32f10x_spi.o(.text)
    SPI_GetCRC                               0x08007a21   Thumb Code    16  stm32f10x_spi.o(.text)
    SPI_GetCRCPolynomial                     0x08007a31   Thumb Code     6  stm32f10x_spi.o(.text)
    SPI_BiDirectionalLineConfig              0x08007a37   Thumb Code    28  stm32f10x_spi.o(.text)
    SPI_I2S_GetFlagStatus                    0x08007a53   Thumb Code    18  stm32f10x_spi.o(.text)
    SPI_I2S_ClearFlag                        0x08007a65   Thumb Code     6  stm32f10x_spi.o(.text)
    SPI_I2S_GetITStatus                      0x08007a6b   Thumb Code    52  stm32f10x_spi.o(.text)
    SPI_I2S_ClearITPendingBit                0x08007a9f   Thumb Code    20  stm32f10x_spi.o(.text)
    EXTI_DeInit                              0x08007ac1   Thumb Code    28  stm32f10x_exti.o(.text)
    EXTI_Init                                0x08007add   Thumb Code   142  stm32f10x_exti.o(.text)
    EXTI_StructInit                          0x08007b6b   Thumb Code    16  stm32f10x_exti.o(.text)
    EXTI_GenerateSWInterrupt                 0x08007b7b   Thumb Code    16  stm32f10x_exti.o(.text)
    EXTI_GetFlagStatus                       0x08007b8b   Thumb Code    22  stm32f10x_exti.o(.text)
    EXTI_ClearFlag                           0x08007ba1   Thumb Code     8  stm32f10x_exti.o(.text)
    EXTI_GetITStatus                         0x08007ba9   Thumb Code    34  stm32f10x_exti.o(.text)
    EXTI_ClearITPendingBit                   0x08007bcb   Thumb Code     8  stm32f10x_exti.o(.text)
    USART3_IRQHandler                        0x08007bdd   Thumb Code    74  usart3.o(.text)
    usart3_init                              0x08007c27   Thumb Code   186  usart3.o(.text)
    u3_printf                                0x08007ce1   Thumb Code    72  usart3.o(.text)
    delay_ns                                 0x08007d41   Thumb Code    18  rc522.o(.text)
    SPIWriteByte                             0x08007d53   Thumb Code    46  rc522.o(.text)
    SPI2_ReadWriteByte                       0x08007d81   Thumb Code    86  rc522.o(.text)
    SPI2_SetSpeed                            0x08007dd7   Thumb Code    42  rc522.o(.text)
    SPI2_Init                                0x08007e01   Thumb Code   198  rc522.o(.text)
    WriteRawRC                               0x08007ec7   Thumb Code    40  rc522.o(.text)
    ReadRawRC                                0x08007eef   Thumb Code    48  rc522.o(.text)
    SetBitMask                               0x08007f1f   Thumb Code    28  rc522.o(.text)
    PcdAntennaOn                             0x08007f3b   Thumb Code    26  rc522.o(.text)
    ClearBitMask                             0x08007f55   Thumb Code    28  rc522.o(.text)
    M500PcdConfigISOType                     0x08007f71   Thumb Code    94  rc522.o(.text)
    PcdAntennaOff                            0x08007fcf   Thumb Code    12  rc522.o(.text)
    PcdReset                                 0x08007fdb   Thumb Code   114  rc522.o(.text)
    InitRc522                                0x0800804d   Thumb Code    32  rc522.o(.text)
    Reset_RC522                              0x0800806d   Thumb Code    22  rc522.o(.text)
    PcdComMF522                              0x08008083   Thumb Code   350  rc522.o(.text)
    PcdRequest                               0x080081e1   Thumb Code    86  rc522.o(.text)
    PcdAnticoll                              0x08008237   Thumb Code   112  rc522.o(.text)
    CalulateCRC                              0x080082a7   Thumb Code   108  rc522.o(.text)
    PcdSelect                                0x08008313   Thumb Code   116  rc522.o(.text)
    PcdAuthState                             0x08008387   Thumb Code    86  rc522.o(.text)
    PcdRead                                  0x080083dd   Thumb Code    86  rc522.o(.text)
    PcdWrite                                 0x08008433   Thumb Code   150  rc522.o(.text)
    PcdHalt                                  0x080084c9   Thumb Code    52  rc522.o(.text)
    TurnID                                   0x080084fd   Thumb Code   164  rc522.o(.text)
    ReadID                                   0x080085a1   Thumb Code    60  rc522.o(.text)
    Compar_Card                              0x080085dd   Thumb Code   124  rc522.o(.text)
    __use_no_semihosting                     0x080086d1   Thumb Code     2  use_no_semi_2.o(.text)
    __c89vsprintf                            0x080086d5   Thumb Code    32  c89vsprintf.o(.text)
    __2printf                                0x080086f9   Thumb Code    20  __2printf.o(.text)
    _printf_longlong_hex                     0x08008711   Thumb Code    86  _printf_hex_int_ll_ptr.o(.text)
    _printf_int_hex                          0x08008767   Thumb Code    28  _printf_hex_int_ll_ptr.o(.text)
    _printf_ll_hex                           0x08008783   Thumb Code    12  _printf_hex_int_ll_ptr.o(.text)
    _printf_hex_ptr                          0x0800878f   Thumb Code    18  _printf_hex_int_ll_ptr.o(.text)
    __printf                                 0x080087a5   Thumb Code   388  __printf_flags_ss_wp.o(.text)
    strstr                                   0x0800892d   Thumb Code    36  strstr.o(.text)
    strlen                                   0x08008951   Thumb Code    62  strlen.o(.text)
    __use_two_region_memory                  0x0800898f   Thumb Code     2  heapauxi.o(.text)
    __rt_heap_escrow$2region                 0x08008991   Thumb Code     2  heapauxi.o(.text)
    __rt_heap_expand$2region                 0x08008993   Thumb Code     2  heapauxi.o(.text)
    __I$use$semihosting                      0x08008995   Thumb Code     0  use_no_semi.o(.text)
    __use_no_semihosting_swi                 0x08008995   Thumb Code     2  use_no_semi.o(.text)
    _printf_pre_padding                      0x08008997   Thumb Code    44  _printf_pad.o(.text)
    _printf_post_padding                     0x080089c3   Thumb Code    34  _printf_pad.o(.text)
    _printf_truncate_signed                  0x080089e5   Thumb Code    18  _printf_truncate.o(.text)
    _printf_truncate_unsigned                0x080089f7   Thumb Code    18  _printf_truncate.o(.text)
    _printf_str                              0x08008a09   Thumb Code    82  _printf_str.o(.text)
    _printf_int_common                       0x08008a5b   Thumb Code   178  _printf_intcommon.o(.text)
    _printf_int_dec                          0x08008b0d   Thumb Code   104  _printf_dec.o(.text)
    _printf_charcount                        0x08008b85   Thumb Code    40  _printf_charcount.o(.text)
    _printf_char_common                      0x08008bb7   Thumb Code    32  _printf_char_common.o(.text)
    _sputc                                   0x08008bdd   Thumb Code    10  _sputc.o(.text)
    _printf_char_file                        0x08008be9   Thumb Code    32  _printf_char_file.o(.text)
    _printf_wctomb                           0x08008c0d   Thumb Code   182  _printf_wctomb.o(.text)
    _printf_longlong_dec                     0x08008cc9   Thumb Code   108  _printf_longlong_dec.o(.text)
    _printf_longlong_oct                     0x08008d45   Thumb Code    68  _printf_oct_int_ll.o(.text)
    _printf_int_oct                          0x08008d89   Thumb Code    24  _printf_oct_int_ll.o(.text)
    _printf_ll_oct                           0x08008da1   Thumb Code    12  _printf_oct_int_ll.o(.text)
    _ll_udiv10                               0x08008db5   Thumb Code   138  lludiv10.o(.text)
    __lib_sel_fp_printf                      0x08008e3f   Thumb Code     2  _printf_fp_dec.o(.text)
    _printf_fp_dec_real                      0x08008fed   Thumb Code   620  _printf_fp_dec.o(.text)
    _printf_cs_common                        0x08009259   Thumb Code    20  _printf_char.o(.text)
    _printf_char                             0x0800926d   Thumb Code    16  _printf_char.o(.text)
    _printf_string                           0x0800927d   Thumb Code     8  _printf_char.o(.text)
    _printf_lcs_common                       0x08009285   Thumb Code    20  _printf_wchar.o(.text)
    _printf_wchar                            0x08009299   Thumb Code    16  _printf_wchar.o(.text)
    _printf_wstring                          0x080092a9   Thumb Code     8  _printf_wchar.o(.text)
    ferror                                   0x080092b1   Thumb Code     8  ferror.o(.text)
    _wcrtomb                                 0x080092b9   Thumb Code    64  _wcrtomb.o(.text)
    __user_setup_stackheap                   0x080092f9   Thumb Code    74  sys_stackheap_outer.o(.text)
    __rt_ctype_table                         0x08009345   Thumb Code    16  rt_ctype_table.o(.text)
    __rt_locale                              0x08009355   Thumb Code     8  rt_locale_intlibspace.o(.text)
    _printf_fp_infnan                        0x0800935d   Thumb Code   112  _printf_fp_infnan.o(.text)
    _btod_etento                             0x080093dd   Thumb Code   216  bigflt0.o(.text)
    exit                                     0x080094b9   Thumb Code    18  exit.o(.text)
    __user_libspace                          0x080094cd   Thumb Code     8  libspace.o(.text)
    __user_perproc_libspace                  0x080094cd   Thumb Code     0  libspace.o(.text)
    __user_perthread_libspace                0x080094cd   Thumb Code     0  libspace.o(.text)
    strcmp                                   0x080094d5   Thumb Code   128  strcmpv7m.o(.text)
    _btod_d2e                                0x08009555   Thumb Code    62  btod.o(CL$$btod_d2e)
    _d2e_denorm_low                          0x08009593   Thumb Code    70  btod.o(CL$$btod_d2e_denorm_low)
    _d2e_norm_op1                            0x080095d9   Thumb Code    96  btod.o(CL$$btod_d2e_norm_op1)
    __btod_div_common                        0x08009639   Thumb Code   696  btod.o(CL$$btod_div_common)
    _e2e                                     0x08009971   Thumb Code   198  btod.o(CL$$btod_e2e)
    _btod_ediv                               0x08009a37   Thumb Code    40  btod.o(CL$$btod_ediv)
    _btod_emul                               0x08009a5f   Thumb Code    40  btod.o(CL$$btod_emul)
    __btod_mult_common                       0x08009a87   Thumb Code   580  btod.o(CL$$btod_mult_common)
    __ARM_fpclassify                         0x08009ccb   Thumb Code    40  fpclassify.o(i.__ARM_fpclassify)
    _is_digit                                0x08009cf3   Thumb Code    14  __printf_wp.o(i._is_digit)
    _get_lc_numeric                          0x08009d01   Thumb Code    44  lc_numeric_c.o(locale$$code)
    _get_lc_ctype                            0x08009d2d   Thumb Code    44  lc_ctype_c.o(locale$$code)
    __aeabi_d2uiz                            0x08009d59   Thumb Code     0  dfixu.o(x$fpl$dfixu)
    _dfixu                                   0x08009d59   Thumb Code    90  dfixu.o(x$fpl$dfixu)
    __aeabi_ui2d                             0x08009db3   Thumb Code     0  dflt_clz.o(x$fpl$dfltu)
    _dfltu                                   0x08009db3   Thumb Code    38  dflt_clz.o(x$fpl$dfltu)
    __aeabi_dmul                             0x08009dd9   Thumb Code     0  dmul.o(x$fpl$dmul)
    _dmul                                    0x08009dd9   Thumb Code   332  dmul.o(x$fpl$dmul)
    __fpl_dnaninf                            0x08009f2d   Thumb Code   156  dnaninf.o(x$fpl$dnaninf)
    __fpl_dretinf                            0x08009fc9   Thumb Code    12  dretinf.o(x$fpl$dretinf)
    _printf_fp_dec                           0x08009fd5   Thumb Code     4  printf1.o(x$fpl$printf1)
    __I$use$fp                               0x08009fd8   Number         0  usenofp.o(x$fpl$usenofp)
    asc2_1206                                0x08009fd8   Data        1140  lcd.o(.constdata)
    asc2_1608                                0x0800a44c   Data        1520  lcd.o(.constdata)
    asc2_2412                                0x0800aa3c   Data        3420  lcd.o(.constdata)
    Region$$Table$$Base                      0x0800b870   Number         0  anon$$obj.o(Region$$Table)
    Region$$Table$$Limit                     0x0800b890   Number         0  anon$$obj.o(Region$$Table)
    __ctype                                  0x0800b8b9   Data           0  lc_ctype_c.o(locale$$data)
    len                                      0x20000000   Data           2  main.o(.data)
    DrugsCount                               0x20000004   Data           4  main.o(.data)
    SystemCoreClock                          0x2000000c   Data           4  system_stm32f10x.o(.data)
    AHBPrescTable                            0x20000010   Data          16  system_stm32f10x.o(.data)
    POINT_COLOR                              0x20000020   Data           2  lcd.o(.data)
    BACK_COLOR                               0x20000022   Data           2  lcd.o(.data)
    counter                                  0x20000024   Data           4  motor_contral.o(.data)
    pushDrugsNumbers                         0x20000028   Data           4  motor_contral.o(.data)
    drugsNum_flag                            0x2000002c   Data           4  motor_contral.o(.data)
    getDrugsMsg_flag                         0x20000030   Data           2  motor_contral.o(.data)
    __stdout                                 0x20000038   Data           4  usart.o(.data)
    USART_RX_STA                             0x2000003c   Data           2  usart.o(.data)
    USART3_RX_STA                            0x20000052   Data           2  usart3.o(.data)
    aRxBuffer                                0x20000054   Data           8  usart3.o(.data)
    rxCounter                                0x2000005c   Data           1  usart3.o(.data)
    ReceiveState                             0x2000005d   Data           1  usart3.o(.data)
    CT                                       0x2000005e   Data           2  rc522.o(.data)
    SN                                       0x20000060   Data           4  rc522.o(.data)
    ST                                       0x20000064   Data           4  rc522.o(.data)
    KEY                                      0x20000068   Data           6  rc522.o(.data)
    DrugsName                                0x20000070   Data          10  main.o(.bss)
    DrugsNumbers                             0x2000007a   Data          10  main.o(.bss)
    lcddev                                   0x20000084   Data          14  lcd.o(.bss)
    PushDrugs                                0x20000092   Data          10  motor_contral.o(.bss)
    USART_RX_BUF                             0x2000009c   Data         200  usart.o(.bss)
    USART3_RX_BUF                            0x20000164   Data         600  usart3.o(.bss)
    USART3_TX_BUF                            0x200003bc   Data         600  usart3.o(.bss)
    num                                      0x20000614   Data           9  rc522.o(.bss)
    __libspace_start                         0x20000620   Data          96  libspace.o(.bss)
    __temporary_stack_top$libspace           0x20000680   Data           0  libspace.o(.bss)



==============================================================================

Memory Map of the image

  Image Entry point : 0x08000131

  Load Region LR_IROM1 (Base: 0x08000000, Size: 0x0000ba2c, Max: 0x00040000, ABSOLUTE)

    Execution Region ER_IROM1 (Base: 0x08000000, Size: 0x0000b9bc, Max: 0x00040000, ABSOLUTE)

    Base Addr    Size         Type   Attr      Idx    E Section Name        Object

    0x08000000   0x00000130   Data   RO          339    RESET               startup_stm32f10x_hd.o
    0x08000130   0x00000008   Code   RO          582  * !!!main             c_w.l(__main.o)
    0x08000138   0x00000034   Code   RO          869    !!!scatter          c_w.l(__scatter.o)
    0x0800016c   0x0000001a   Code   RO          871    !!handler_copy      c_w.l(__scatter_copy.o)
    0x08000186   0x00000002   PAD
    0x08000188   0x0000001c   Code   RO          873    !!handler_zi        c_w.l(__scatter_zi.o)
    0x080001a4   0x00000000   Code   RO          575    .ARM.Collect$$_printf_percent$$00000000  c_w.l(_printf_percent.o)
    0x080001a4   0x00000006   Code   RO          630    .ARM.Collect$$_printf_percent$$00000001  c_w.l(_printf_n.o)
    0x080001aa   0x00000006   Code   RO          631    .ARM.Collect$$_printf_percent$$00000002  c_w.l(_printf_p.o)
    0x080001b0   0x00000006   Code   RO          636    .ARM.Collect$$_printf_percent$$00000003  c_w.l(_printf_f.o)
    0x080001b6   0x00000006   Code   RO          637    .ARM.Collect$$_printf_percent$$00000004  c_w.l(_printf_e.o)
    0x080001bc   0x00000006   Code   RO          638    .ARM.Collect$$_printf_percent$$00000005  c_w.l(_printf_g.o)
    0x080001c2   0x00000006   Code   RO          639    .ARM.Collect$$_printf_percent$$00000006  c_w.l(_printf_a.o)
    0x080001c8   0x0000000a   Code   RO          644    .ARM.Collect$$_printf_percent$$00000007  c_w.l(_printf_ll.o)
    0x080001d2   0x00000006   Code   RO          633    .ARM.Collect$$_printf_percent$$00000008  c_w.l(_printf_i.o)
    0x080001d8   0x00000006   Code   RO          634    .ARM.Collect$$_printf_percent$$00000009  c_w.l(_printf_d.o)
    0x080001de   0x00000006   Code   RO          635    .ARM.Collect$$_printf_percent$$0000000A  c_w.l(_printf_u.o)
    0x080001e4   0x00000006   Code   RO          632    .ARM.Collect$$_printf_percent$$0000000B  c_w.l(_printf_o.o)
    0x080001ea   0x00000006   Code   RO          574    .ARM.Collect$$_printf_percent$$0000000C  c_w.l(_printf_x.o)
    0x080001f0   0x00000006   Code   RO          641    .ARM.Collect$$_printf_percent$$0000000D  c_w.l(_printf_lli.o)
    0x080001f6   0x00000006   Code   RO          642    .ARM.Collect$$_printf_percent$$0000000E  c_w.l(_printf_lld.o)
    0x080001fc   0x00000006   Code   RO          643    .ARM.Collect$$_printf_percent$$0000000F  c_w.l(_printf_llu.o)
    0x08000202   0x00000006   Code   RO          648    .ARM.Collect$$_printf_percent$$00000010  c_w.l(_printf_llo.o)
    0x08000208   0x00000006   Code   RO          649    .ARM.Collect$$_printf_percent$$00000011  c_w.l(_printf_llx.o)
    0x0800020e   0x0000000a   Code   RO          645    .ARM.Collect$$_printf_percent$$00000012  c_w.l(_printf_l.o)
    0x08000218   0x00000006   Code   RO          628    .ARM.Collect$$_printf_percent$$00000013  c_w.l(_printf_c.o)
    0x0800021e   0x00000006   Code   RO          629    .ARM.Collect$$_printf_percent$$00000014  c_w.l(_printf_s.o)
    0x08000224   0x00000006   Code   RO          646    .ARM.Collect$$_printf_percent$$00000015  c_w.l(_printf_lc.o)
    0x0800022a   0x00000006   Code   RO          647    .ARM.Collect$$_printf_percent$$00000016  c_w.l(_printf_ls.o)
    0x08000230   0x00000004   Code   RO          640    .ARM.Collect$$_printf_percent$$00000017  c_w.l(_printf_percent_end.o)
    0x08000234   0x00000002   Code   RO          734    .ARM.Collect$$libinit$$00000000  c_w.l(libinit.o)
    0x08000236   0x00000000   Code   RO          750    .ARM.Collect$$libinit$$00000002  c_w.l(libinit2.o)
    0x08000236   0x00000000   Code   RO          752    .ARM.Collect$$libinit$$00000004  c_w.l(libinit2.o)
    0x08000236   0x00000000   Code   RO          755    .ARM.Collect$$libinit$$0000000A  c_w.l(libinit2.o)
    0x08000236   0x00000000   Code   RO          757    .ARM.Collect$$libinit$$0000000C  c_w.l(libinit2.o)
    0x08000236   0x00000000   Code   RO          759    .ARM.Collect$$libinit$$0000000E  c_w.l(libinit2.o)
    0x08000236   0x00000006   Code   RO          760    .ARM.Collect$$libinit$$0000000F  c_w.l(libinit2.o)
    0x0800023c   0x00000000   Code   RO          762    .ARM.Collect$$libinit$$00000011  c_w.l(libinit2.o)
    0x0800023c   0x0000000c   Code   RO          763    .ARM.Collect$$libinit$$00000012  c_w.l(libinit2.o)
    0x08000248   0x00000000   Code   RO          764    .ARM.Collect$$libinit$$00000013  c_w.l(libinit2.o)
    0x08000248   0x00000000   Code   RO          766    .ARM.Collect$$libinit$$00000015  c_w.l(libinit2.o)
    0x08000248   0x0000000a   Code   RO          767    .ARM.Collect$$libinit$$00000016  c_w.l(libinit2.o)
    0x08000252   0x00000000   Code   RO          768    .ARM.Collect$$libinit$$00000017  c_w.l(libinit2.o)
    0x08000252   0x00000000   Code   RO          770    .ARM.Collect$$libinit$$00000019  c_w.l(libinit2.o)
    0x08000252   0x00000000   Code   RO          772    .ARM.Collect$$libinit$$0000001B  c_w.l(libinit2.o)
    0x08000252   0x00000000   Code   RO          774    .ARM.Collect$$libinit$$0000001D  c_w.l(libinit2.o)
    0x08000252   0x00000000   Code   RO          776    .ARM.Collect$$libinit$$0000001F  c_w.l(libinit2.o)
    0x08000252   0x00000000   Code   RO          778    .ARM.Collect$$libinit$$00000021  c_w.l(libinit2.o)
    0x08000252   0x00000000   Code   RO          780    .ARM.Collect$$libinit$$00000023  c_w.l(libinit2.o)
    0x08000252   0x00000000   Code   RO          782    .ARM.Collect$$libinit$$00000025  c_w.l(libinit2.o)
    0x08000252   0x00000000   Code   RO          786    .ARM.Collect$$libinit$$0000002C  c_w.l(libinit2.o)
    0x08000252   0x00000000   Code   RO          788    .ARM.Collect$$libinit$$0000002E  c_w.l(libinit2.o)
    0x08000252   0x00000000   Code   RO          790    .ARM.Collect$$libinit$$00000030  c_w.l(libinit2.o)
    0x08000252   0x00000000   Code   RO          792    .ARM.Collect$$libinit$$00000032  c_w.l(libinit2.o)
    0x08000252   0x00000002   Code   RO          793    .ARM.Collect$$libinit$$00000033  c_w.l(libinit2.o)
    0x08000254   0x00000002   Code   RO          811    .ARM.Collect$$libshutdown$$00000000  c_w.l(libshutdown.o)
    0x08000256   0x00000000   Code   RO          821    .ARM.Collect$$libshutdown$$00000002  c_w.l(libshutdown2.o)
    0x08000256   0x00000000   Code   RO          823    .ARM.Collect$$libshutdown$$00000004  c_w.l(libshutdown2.o)
    0x08000256   0x00000000   Code   RO          826    .ARM.Collect$$libshutdown$$00000007  c_w.l(libshutdown2.o)
    0x08000256   0x00000000   Code   RO          829    .ARM.Collect$$libshutdown$$0000000A  c_w.l(libshutdown2.o)
    0x08000256   0x00000000   Code   RO          831    .ARM.Collect$$libshutdown$$0000000C  c_w.l(libshutdown2.o)
    0x08000256   0x00000000   Code   RO          834    .ARM.Collect$$libshutdown$$0000000F  c_w.l(libshutdown2.o)
    0x08000256   0x00000002   Code   RO          835    .ARM.Collect$$libshutdown$$00000010  c_w.l(libshutdown2.o)
    0x08000258   0x00000000   Code   RO          598    .ARM.Collect$$rtentry$$00000000  c_w.l(__rtentry.o)
    0x08000258   0x00000000   Code   RO          658    .ARM.Collect$$rtentry$$00000002  c_w.l(__rtentry2.o)
    0x08000258   0x00000006   Code   RO          670    .ARM.Collect$$rtentry$$00000004  c_w.l(__rtentry4.o)
    0x0800025e   0x00000000   Code   RO          660    .ARM.Collect$$rtentry$$00000009  c_w.l(__rtentry2.o)
    0x0800025e   0x00000004   Code   RO          661    .ARM.Collect$$rtentry$$0000000A  c_w.l(__rtentry2.o)
    0x08000262   0x00000000   Code   RO          663    .ARM.Collect$$rtentry$$0000000C  c_w.l(__rtentry2.o)
    0x08000262   0x00000008   Code   RO          664    .ARM.Collect$$rtentry$$0000000D  c_w.l(__rtentry2.o)
    0x0800026a   0x00000002   Code   RO          742    .ARM.Collect$$rtexit$$00000000  c_w.l(rtexit.o)
    0x0800026c   0x00000000   Code   RO          795    .ARM.Collect$$rtexit$$00000002  c_w.l(rtexit2.o)
    0x0800026c   0x00000004   Code   RO          796    .ARM.Collect$$rtexit$$00000003  c_w.l(rtexit2.o)
    0x08000270   0x00000006   Code   RO          797    .ARM.Collect$$rtexit$$00000004  c_w.l(rtexit2.o)
    0x08000276   0x00000002   PAD
    0x08000278   0x000001e4   Code   RO            1    .text               main.o
    0x0800045c   0x0000001a   Code   RO          147    .text               stm32f10x_it.o
    0x08000476   0x00000002   PAD
    0x08000478   0x000001e0   Code   RO          188    .text               system_stm32f10x.o
    0x08000658   0x00000184   Code   RO          206    .text               timer.o
    0x080007dc   0x00004a5c   Code   RO          221    .text               lcd.o
    0x08005238   0x00000130   Code   RO          251    .text               motor_contral.o
    0x08005368   0x000000d4   Code   RO          270    .text               delay.o
    0x0800543c   0x0000032c   Code   RO          301    .text               usart.o
    0x08005768   0x00000040   Code   RO          340    .text               startup_stm32f10x_hd.o
    0x080057a8   0x000000dc   Code   RO          344    .text               misc.o
    0x08005884   0x0000060c   Code   RO          356    .text               stm32f10x_fsmc.o
    0x08005e90   0x0000035c   Code   RO          368    .text               stm32f10x_gpio.o
    0x080061ec   0x000003a4   Code   RO          380    .text               stm32f10x_rcc.o
    0x08006590   0x00000408   Code   RO          394    .text               stm32f10x_usart.o
    0x08006998   0x00000e1a   Code   RO          406    .text               stm32f10x_tim.o
    0x080077b2   0x00000002   PAD
    0x080077b4   0x0000030c   Code   RO          442    .text               stm32f10x_spi.o
    0x08007ac0   0x0000011c   Code   RO          454    .text               stm32f10x_exti.o
    0x08007bdc   0x00000164   Code   RO          466    .text               usart3.o
    0x08007d40   0x00000990   Code   RO          492    .text               rc522.o
    0x080086d0   0x00000002   Code   RO          523    .text               c_w.l(use_no_semi_2.o)
    0x080086d2   0x00000002   PAD
    0x080086d4   0x00000024   Code   RO          525    .text               c_w.l(c89vsprintf.o)
    0x080086f8   0x00000018   Code   RO          527    .text               c_w.l(__2printf.o)
    0x08008710   0x00000094   Code   RO          551    .text               c_w.l(_printf_hex_int_ll_ptr.o)
    0x080087a4   0x00000188   Code   RO          571    .text               c_w.l(__printf_flags_ss_wp.o)
    0x0800892c   0x00000024   Code   RO          576    .text               c_w.l(strstr.o)
    0x08008950   0x0000003e   Code   RO          578    .text               c_w.l(strlen.o)
    0x0800898e   0x00000006   Code   RO          580    .text               c_w.l(heapauxi.o)
    0x08008994   0x00000002   Code   RO          596    .text               c_w.l(use_no_semi.o)
    0x08008996   0x0000004e   Code   RO          599    .text               c_w.l(_printf_pad.o)
    0x080089e4   0x00000024   Code   RO          601    .text               c_w.l(_printf_truncate.o)
    0x08008a08   0x00000052   Code   RO          603    .text               c_w.l(_printf_str.o)
    0x08008a5a   0x000000b2   Code   RO          605    .text               c_w.l(_printf_intcommon.o)
    0x08008b0c   0x00000078   Code   RO          607    .text               c_w.l(_printf_dec.o)
    0x08008b84   0x00000028   Code   RO          609    .text               c_w.l(_printf_charcount.o)
    0x08008bac   0x00000030   Code   RO          611    .text               c_w.l(_printf_char_common.o)
    0x08008bdc   0x0000000a   Code   RO          613    .text               c_w.l(_sputc.o)
    0x08008be6   0x00000002   PAD
    0x08008be8   0x00000024   Code   RO          615    .text               c_w.l(_printf_char_file.o)
    0x08008c0c   0x000000bc   Code   RO          617    .text               c_w.l(_printf_wctomb.o)
    0x08008cc8   0x0000007c   Code   RO          620    .text               c_w.l(_printf_longlong_dec.o)
    0x08008d44   0x00000070   Code   RO          626    .text               c_w.l(_printf_oct_int_ll.o)
    0x08008db4   0x0000008a   Code   RO          672    .text               c_w.l(lludiv10.o)
    0x08008e3e   0x0000041a   Code   RO          674    .text               c_w.l(_printf_fp_dec.o)
    0x08009258   0x0000002c   Code   RO          678    .text               c_w.l(_printf_char.o)
    0x08009284   0x0000002c   Code   RO          680    .text               c_w.l(_printf_wchar.o)
    0x080092b0   0x00000008   Code   RO          682    .text               c_w.l(ferror.o)
    0x080092b8   0x00000040   Code   RO          686    .text               c_w.l(_wcrtomb.o)
    0x080092f8   0x0000004a   Code   RO          688    .text               c_w.l(sys_stackheap_outer.o)
    0x08009342   0x00000002   PAD
    0x08009344   0x00000010   Code   RO          690    .text               c_w.l(rt_ctype_table.o)
    0x08009354   0x00000008   Code   RO          695    .text               c_w.l(rt_locale_intlibspace.o)
    0x0800935c   0x00000080   Code   RO          697    .text               c_w.l(_printf_fp_infnan.o)
    0x080093dc   0x000000dc   Code   RO          699    .text               c_w.l(bigflt0.o)
    0x080094b8   0x00000012   Code   RO          727    .text               c_w.l(exit.o)
    0x080094ca   0x00000002   PAD
    0x080094cc   0x00000008   Code   RO          739    .text               c_w.l(libspace.o)
    0x080094d4   0x00000080   Code   RO          747    .text               c_w.l(strcmpv7m.o)
    0x08009554   0x0000003e   Code   RO          702    CL$$btod_d2e        c_w.l(btod.o)
    0x08009592   0x00000046   Code   RO          704    CL$$btod_d2e_denorm_low  c_w.l(btod.o)
    0x080095d8   0x00000060   Code   RO          703    CL$$btod_d2e_norm_op1  c_w.l(btod.o)
    0x08009638   0x00000338   Code   RO          712    CL$$btod_div_common  c_w.l(btod.o)
    0x08009970   0x000000c6   Code   RO          709    CL$$btod_e2e        c_w.l(btod.o)
    0x08009a36   0x00000028   Code   RO          706    CL$$btod_ediv       c_w.l(btod.o)
    0x08009a5e   0x00000028   Code   RO          705    CL$$btod_emul       c_w.l(btod.o)
    0x08009a86   0x00000244   Code   RO          711    CL$$btod_mult_common  c_w.l(btod.o)
    0x08009cca   0x00000028   Code   RO          737    i.__ARM_fpclassify  m_ws.l(fpclassify.o)
    0x08009cf2   0x0000000e   Code   RO          564    i._is_digit         c_w.l(__printf_wp.o)
    0x08009d00   0x0000002c   Code   RO          725    locale$$code        c_w.l(lc_numeric_c.o)
    0x08009d2c   0x0000002c   Code   RO          745    locale$$code        c_w.l(lc_ctype_c.o)
    0x08009d58   0x0000005a   Code   RO          584    x$fpl$dfixu         fz_ws.l(dfixu.o)
    0x08009db2   0x00000026   Code   RO          588    x$fpl$dfltu         fz_ws.l(dflt_clz.o)
    0x08009dd8   0x00000154   Code   RO          594    x$fpl$dmul          fz_ws.l(dmul.o)
    0x08009f2c   0x0000009c   Code   RO          650    x$fpl$dnaninf       fz_ws.l(dnaninf.o)
    0x08009fc8   0x0000000c   Code   RO          652    x$fpl$dretinf       fz_ws.l(dretinf.o)
    0x08009fd4   0x00000004   Code   RO          654    x$fpl$printf1       fz_ws.l(printf1.o)
    0x08009fd8   0x00000000   Code   RO          656    x$fpl$usenofp       fz_ws.l(usenofp.o)
    0x08009fd8   0x000017c0   Data   RO          223    .constdata          lcd.o
    0x0800b798   0x00000028   Data   RO          552    .constdata          c_w.l(_printf_hex_int_ll_ptr.o)
    0x0800b7c0   0x00000011   Data   RO          572    .constdata          c_w.l(__printf_flags_ss_wp.o)
    0x0800b7d1   0x00000003   PAD
    0x0800b7d4   0x00000008   Data   RO          618    .constdata          c_w.l(_printf_wctomb.o)
    0x0800b7dc   0x00000094   Data   RO          700    .constdata          c_w.l(bigflt0.o)
    0x0800b870   0x00000020   Data   RO          867    Region$$Table       anon$$obj.o
    0x0800b890   0x0000001c   Data   RO          724    locale$$data        c_w.l(lc_numeric_c.o)
    0x0800b8ac   0x00000110   Data   RO          744    locale$$data        c_w.l(lc_ctype_c.o)


    Execution Region RW_IRAM1 (Base: 0x20000000, Size: 0x00000c80, Max: 0x0000c000, ABSOLUTE)

    Base Addr    Size         Type   Attr      Idx    E Section Name        Object

    0x20000000   0x0000000a   Data   RW            3    .data               main.o
    0x2000000a   0x00000002   PAD
    0x2000000c   0x00000014   Data   RW          189    .data               system_stm32f10x.o
    0x20000020   0x00000004   Data   RW          224    .data               lcd.o
    0x20000024   0x0000000e   Data   RW          253    .data               motor_contral.o
    0x20000032   0x00000004   Data   RW          271    .data               delay.o
    0x20000036   0x00000002   PAD
    0x20000038   0x00000006   Data   RW          303    .data               usart.o
    0x2000003e   0x00000014   Data   RW          381    .data               stm32f10x_rcc.o
    0x20000052   0x0000000c   Data   RW          468    .data               usart3.o
    0x2000005e   0x00000010   Data   RW          494    .data               rc522.o
    0x2000006e   0x00000002   PAD
    0x20000070   0x00000014   Zero   RW            2    .bss                main.o
    0x20000084   0x0000000e   Zero   RW          222    .bss                lcd.o
    0x20000092   0x0000000a   Zero   RW          252    .bss                motor_contral.o
    0x2000009c   0x000000c8   Zero   RW          302    .bss                usart.o
    0x20000164   0x000004b0   Zero   RW          467    .bss                usart3.o
    0x20000614   0x00000009   Zero   RW          493    .bss                rc522.o
    0x2000061d   0x00000003   PAD
    0x20000620   0x00000060   Zero   RW          740    .bss                c_w.l(libspace.o)
    0x20000680   0x00000200   Zero   RW          338    HEAP                startup_stm32f10x_hd.o
    0x20000880   0x00000400   Zero   RW          337    STACK               startup_stm32f10x_hd.o


==============================================================================

Image component sizes


      Code (inc. data)   RO Data    RW Data    ZI Data      Debug   Object Name

       212         18          0          4          0       1031   delay.o
     19036        162       6080          4         14      22182   lcd.o
       484         74          0         10         20     272018   main.o
       220         22          0          0          0       1785   misc.o
       304         28          0         14         10       2104   motor_contral.o
      2448        150          0         16          9       9099   rc522.o
        64         26        304          0       1536        792   startup_stm32f10x_hd.o
       284         10          0          0          0       2243   stm32f10x_exti.o
      1548         18          0          0          0       5367   stm32f10x_fsmc.o
       860         38          0          0          0       5721   stm32f10x_gpio.o
        26          0          0          0          0       1174   stm32f10x_it.o
       932         36          0         20          0       8896   stm32f10x_rcc.o
       780         14          0          0          0       6602   stm32f10x_spi.o
      3610         88          0          0          0      22828   stm32f10x_tim.o
      1032         22          0          0          0       8444   stm32f10x_usart.o
         0          0          0          0          0         32   sys.o
       480         38          0         20          0       1719   system_stm32f10x.o
       388         20          0          0          0       1540   timer.o
       812         38          0          6        200       4915   usart.o
       356         24          0         12       1200       2723   usart3.o

    ----------------------------------------------------------------------
     33880        826       6416        112       2992     381215   Object Totals
         0          0         32          0          0          0   (incl. Generated)
         4          0          0          6          3          0   (incl. Padding)

    ----------------------------------------------------------------------

      Code (inc. data)   RO Data    RW Data    ZI Data      Debug   Library Member Name

        24          4          0          0          0         84   __2printf.o
         8          0          0          0          0         68   __main.o
       392          4         17          0          0         92   __printf_flags_ss_wp.o
        14          0          0          0          0         68   __printf_wp.o
         0          0          0          0          0          0   __rtentry.o
        12          0          0          0          0          0   __rtentry2.o
         6          0          0          0          0          0   __rtentry4.o
        52          8          0          0          0          0   __scatter.o
        26          0          0          0          0          0   __scatter_copy.o
        28          0          0          0          0          0   __scatter_zi.o
         6          0          0          0          0          0   _printf_a.o
         6          0          0          0          0          0   _printf_c.o
        44          0          0          0          0        108   _printf_char.o
        48          6          0          0          0         96   _printf_char_common.o
        36          4          0          0          0         80   _printf_char_file.o
        40          0          0          0          0         68   _printf_charcount.o
         6          0          0          0          0          0   _printf_d.o
       120         16          0          0          0         92   _printf_dec.o
         6          0          0          0          0          0   _printf_e.o
         6          0          0          0          0          0   _printf_f.o
      1050          0          0          0          0        216   _printf_fp_dec.o
       128         16          0          0          0         84   _printf_fp_infnan.o
         6          0          0          0          0          0   _printf_g.o
       148          4         40          0          0        160   _printf_hex_int_ll_ptr.o
         6          0          0          0          0          0   _printf_i.o
       178          0          0          0          0         88   _printf_intcommon.o
        10          0          0          0          0          0   _printf_l.o
         6          0          0          0          0          0   _printf_lc.o
        10          0          0          0          0          0   _printf_ll.o
         6          0          0          0          0          0   _printf_lld.o
         6          0          0          0          0          0   _printf_lli.o
         6          0          0          0          0          0   _printf_llo.o
         6          0          0          0          0          0   _printf_llu.o
         6          0          0          0          0          0   _printf_llx.o
       124         16          0          0          0         92   _printf_longlong_dec.o
         6          0          0          0          0          0   _printf_ls.o
         6          0          0          0          0          0   _printf_n.o
         6          0          0          0          0          0   _printf_o.o
       112          8          0          0          0        124   _printf_oct_int_ll.o
         6          0          0          0          0          0   _printf_p.o
        78          0          0          0          0        108   _printf_pad.o
         0          0          0          0          0          0   _printf_percent.o
         4          0          0          0          0          0   _printf_percent_end.o
         6          0          0          0          0          0   _printf_s.o
        82          0          0          0          0         80   _printf_str.o
        36          0          0          0          0         84   _printf_truncate.o
         6          0          0          0          0          0   _printf_u.o
        44          0          0          0          0        108   _printf_wchar.o
       188          6          8          0          0         92   _printf_wctomb.o
         6          0          0          0          0          0   _printf_x.o
        10          0          0          0          0         68   _sputc.o
        64          0          0          0          0         92   _wcrtomb.o
       220          4        148          0          0         96   bigflt0.o
      1910        128          0          0          0        672   btod.o
        36          4          0          0          0         76   c89vsprintf.o
        18          0          0          0          0         80   exit.o
         8          0          0          0          0         68   ferror.o
         6          0          0          0          0        152   heapauxi.o
        44         10        272          0          0         76   lc_ctype_c.o
        44         10         28          0          0         76   lc_numeric_c.o
         2          0          0          0          0          0   libinit.o
        30          0          0          0          0          0   libinit2.o
         2          0          0          0          0          0   libshutdown.o
         2          0          0          0          0          0   libshutdown2.o
         8          4          0          0         96         68   libspace.o
       138          0          0          0          0         80   lludiv10.o
        16          4          0          0          0         76   rt_ctype_table.o
         8          4          0          0          0         68   rt_locale_intlibspace.o
         2          0          0          0          0          0   rtexit.o
        10          0          0          0          0          0   rtexit2.o
       128          0          0          0          0         68   strcmpv7m.o
        62          0          0          0          0         76   strlen.o
        36          0          0          0          0         80   strstr.o
        74          0          0          0          0         80   sys_stackheap_outer.o
         2          0          0          0          0         68   use_no_semi.o
         2          0          0          0          0         68   use_no_semi_2.o
        90          4          0          0          0         92   dfixu.o
        38          0          0          0          0         68   dflt_clz.o
       340         12          0          0          0        104   dmul.o
       156          4          0          0          0         92   dnaninf.o
        12          0          0          0          0         68   dretinf.o
         4          0          0          0          0         68   printf1.o
         0          0          0          0          0          0   usenofp.o
        40          0          0          0          0         68   fpclassify.o

    ----------------------------------------------------------------------
      6736        280        516          0         96       4740   Library Totals
        12          0          3          0          0          0   (incl. Padding)

    ----------------------------------------------------------------------

      Code (inc. data)   RO Data    RW Data    ZI Data      Debug   Library Name

      6044        260        513          0         96       4180   c_w.l
       640         20          0          0          0        492   fz_ws.l
        40          0          0          0          0         68   m_ws.l

    ----------------------------------------------------------------------
      6736        280        516          0         96       4740   Library Totals

    ----------------------------------------------------------------------

==============================================================================


      Code (inc. data)   RO Data    RW Data    ZI Data      Debug   

     40616       1106       6932        112       3088     381479   Grand Totals
     40616       1106       6932        112       3088     381479   ELF Image Totals
     40616       1106       6932        112          0          0   ROM Totals

==============================================================================

    Total RO  Size (Code + RO Data)                47548 (  46.43kB)
    Total RW  Size (RW Data + ZI Data)              3200 (   3.13kB)
    Total ROM Size (Code + RO Data + RW Data)      47660 (  46.54kB)

==============================================================================

